2026-02-07 15:07:11,700 [INFO] {
    "status": "info",
    "info": "Initializing UrlDiscovery for project: internal_feasibility and site: styleunion_com"
}
2026-02-07 15:07:11,700 [INFO] {
    "status": "info",
    "info": "Starting script execution of url_discovery for project: internal_feasibility and site: styleunion_com"
}
2026-02-07 15:07:11,700 [INFO] {
    "status": "info",
    "info": "Starting main execution for project: internal_feasibility and site: styleunion_com"
}
2026-02-07 15:07:11,700 [INFO] {
    "status": "info",
    "info": "Loading configuration file: C:\\Users\\shanj\\OneDrive\\Desktop\\SARA\\url_discovery\\internal_feasibility\\styleunion_com_internal_feasibility.yml"
}
2026-02-07 15:07:11,707 [INFO] {
    "status": "info",
    "info": "Getting final URL for project: internal_feasibility and site: styleunion_com"
}
2026-02-07 15:07:11,708 [INFO] {
    "status": "info",
    "info": "Fetching page content for URL: https://styleunion.in/collections/women-caps"
}
2026-02-07 15:07:17,349 [INFO] {
    "status": "info",
    "info": "Encoding array"
}
2026-02-07 15:07:17,349 [INFO] {
    "status": "success",
    "info": "Array encoded successfully"
}
2026-02-07 15:07:17,349 [INFO] {
    "status": "success",
    "info": "C:\\Users\\shanj\\OneDrive\\Desktop\\SARA\\cache\\d46fc8e4a6e768c4493c83626f02583d.html",
    "url": "Page fetched successfully."
}
2026-02-07 15:07:17,381 [INFO] {
    "status": "info",
    "info": "Getting final URL for project: internal_feasibility and site: styleunion_com"
}
2026-02-07 15:07:17,381 [INFO] {
    "status": "info",
    "info": "Fetching page content for URL: https://styleunion.in/collections/women-caps"
}
2026-02-07 15:07:18,027 [INFO] {
    "status": "info",
    "info": "Encoding array"
}
2026-02-07 15:07:18,027 [INFO] {
    "status": "success",
    "info": "Array encoded successfully"
}
2026-02-07 15:07:18,027 [INFO] {
    "status": "success",
    "info": "C:\\Users\\shanj\\OneDrive\\Desktop\\SARA\\cache\\d46fc8e4a6e768c4493c83626f02583d.html",
    "url": "Page fetched successfully."
}
2026-02-07 15:07:18,075 [INFO] {
    "status": "info",
    "info": "Pushing URLs to RabbitMQ for project: internal_feasibility, site: styleunion_com"
}
2026-02-07 15:07:18,111 [INFO] Pika version 1.3.2 connecting to ('15.206.140.228', 5671)
2026-02-07 15:07:18,207 [INFO] Socket connected: <socket.socket fd=1248, family=2, type=1, proto=6, laddr=('192.168.29.128', 58497), raddr=('15.206.140.228', 5671)>
2026-02-07 15:07:18,319 [INFO] SSL handshake completed successfully: <ssl.SSLSocket fd=1248, family=2, type=1, proto=0, laddr=('192.168.29.128', 58497), raddr=('15.206.140.228', 5671)>
2026-02-07 15:07:18,319 [INFO] Streaming transport linked up: (<pika.adapters.utils.io_services_utils._AsyncSSLTransport object at 0x000001BFEC1042C0>, _StreamingProtocolShim: <SelectConnection PROTOCOL transport=<pika.adapters.utils.io_services_utils._AsyncSSLTransport object at 0x000001BFEC1042C0> params=<URLParameters host=puffin.rmq2.cloudamqp.com port=5671 virtual_host=fwgxshpc ssl=True>>).
2026-02-07 15:07:18,593 [INFO] AMQPConnector - reporting success: <SelectConnection OPEN transport=<pika.adapters.utils.io_services_utils._AsyncSSLTransport object at 0x000001BFEC1042C0> params=<URLParameters host=puffin.rmq2.cloudamqp.com port=5671 virtual_host=fwgxshpc ssl=True>>
2026-02-07 15:07:18,593 [INFO] AMQPConnectionWorkflow - reporting success: <SelectConnection OPEN transport=<pika.adapters.utils.io_services_utils._AsyncSSLTransport object at 0x000001BFEC1042C0> params=<URLParameters host=puffin.rmq2.cloudamqp.com port=5671 virtual_host=fwgxshpc ssl=True>>
2026-02-07 15:07:18,593 [INFO] Connection workflow succeeded: <SelectConnection OPEN transport=<pika.adapters.utils.io_services_utils._AsyncSSLTransport object at 0x000001BFEC1042C0> params=<URLParameters host=puffin.rmq2.cloudamqp.com port=5671 virtual_host=fwgxshpc ssl=True>>
2026-02-07 15:07:18,593 [INFO] Created channel=1
2026-02-07 15:07:18,709 [INFO] Closing connection (200): Normal shutdown
2026-02-07 15:07:18,709 [INFO] Closing channel (200): 'Normal shutdown' on <Channel number=1 OPEN conn=<SelectConnection OPEN transport=<pika.adapters.utils.io_services_utils._AsyncSSLTransport object at 0x000001BFEC1042C0> params=<URLParameters host=puffin.rmq2.cloudamqp.com port=5671 virtual_host=fwgxshpc ssl=True>>>
2026-02-07 15:07:18,760 [INFO] Received <Channel.CloseOk> on <Channel number=1 CLOSING conn=<SelectConnection OPEN transport=<pika.adapters.utils.io_services_utils._AsyncSSLTransport object at 0x000001BFEC1042C0> params=<URLParameters host=puffin.rmq2.cloudamqp.com port=5671 virtual_host=fwgxshpc ssl=True>>>
2026-02-07 15:07:18,760 [INFO] Closing connection (200): 'Normal shutdown'
2026-02-07 15:07:18,810 [INFO] Aborting transport connection: state=1; <ssl.SSLSocket fd=1248, family=2, type=1, proto=0, laddr=('192.168.29.128', 58497), raddr=('15.206.140.228', 5671)>
2026-02-07 15:07:18,810 [INFO] _AsyncTransportBase._initate_abort(): Initiating abrupt asynchronous transport shutdown: state=1; error=None; <ssl.SSLSocket fd=1248, family=2, type=1, proto=0, laddr=('192.168.29.128', 58497), raddr=('15.206.140.228', 5671)>
2026-02-07 15:07:18,810 [INFO] Deactivating transport: state=1; <ssl.SSLSocket fd=1248, family=2, type=1, proto=0, laddr=('192.168.29.128', 58497), raddr=('15.206.140.228', 5671)>
2026-02-07 15:07:18,810 [INFO] AMQP stack terminated, failed to connect, or aborted: opened=True, error-arg=None; pending-error=ConnectionClosedByClient: (200) 'Normal shutdown'
2026-02-07 15:07:18,810 [INFO] Stack terminated due to ConnectionClosedByClient: (200) 'Normal shutdown'
2026-02-07 15:07:18,810 [INFO] Closing transport socket and unlinking: state=3; <ssl.SSLSocket fd=1248, family=2, type=1, proto=0, laddr=('192.168.29.128', 58497), raddr=('15.206.140.228', 5671)>
2026-02-07 15:07:18,810 [INFO] User-initiated close: result=BlockingConnection__OnClosedArgs(connection=<SelectConnection CLOSED transport=None params=<URLParameters host=puffin.rmq2.cloudamqp.com port=5671 virtual_host=fwgxshpc ssl=True>>, error=ConnectionClosedByClient: (200) 'Normal shutdown')
2026-02-07 15:07:18,810 [INFO] {
    "status": "success",
    "info": "URLs pushed to RabbitMQ successfully for project: internal_feasibility, site: styleunion_com"
}
2026-02-07 15:07:18,810 [INFO] {
    "status": "info",
    "info": "Fetching page content for URL: https://styleunion.in/collections/kids-bag"
}
2026-02-07 15:07:19,792 [INFO] {
    "status": "info",
    "info": "Encoding array"
}
2026-02-07 15:07:19,792 [INFO] {
    "status": "success",
    "info": "Array encoded successfully"
}
2026-02-07 15:07:19,792 [INFO] {
    "status": "success",
    "info": "C:\\Users\\shanj\\OneDrive\\Desktop\\SARA\\cache\\95484462a3c3983cffc80c34a4452ac8.html",
    "url": "Page fetched successfully."
}
2026-02-07 15:07:19,826 [INFO] {
    "status": "info",
    "info": "Getting final URL for project: internal_feasibility and site: styleunion_com"
}
2026-02-07 15:07:19,826 [INFO] {
    "status": "info",
    "info": "Fetching page content for URL: https://styleunion.in/collections/kids-bag"
}
2026-02-07 15:07:20,160 [INFO] {
    "status": "info",
    "info": "Encoding array"
}
2026-02-07 15:07:20,160 [INFO] {
    "status": "success",
    "info": "Array encoded successfully"
}
2026-02-07 15:07:20,160 [INFO] {
    "status": "success",
    "info": "C:\\Users\\shanj\\OneDrive\\Desktop\\SARA\\cache\\95484462a3c3983cffc80c34a4452ac8.html",
    "url": "Page fetched successfully."
}
2026-02-07 15:07:20,207 [INFO] {
    "status": "info",
    "info": "Pushing URLs to RabbitMQ for project: internal_feasibility, site: styleunion_com"
}
2026-02-07 15:07:20,239 [INFO] Pika version 1.3.2 connecting to ('15.206.140.228', 5671)
2026-02-07 15:07:20,290 [INFO] Socket connected: <socket.socket fd=1224, family=2, type=1, proto=6, laddr=('192.168.29.128', 58503), raddr=('15.206.140.228', 5671)>
2026-02-07 15:07:20,338 [INFO] SSL handshake completed successfully: <ssl.SSLSocket fd=1224, family=2, type=1, proto=0, laddr=('192.168.29.128', 58503), raddr=('15.206.140.228', 5671)>
2026-02-07 15:07:20,338 [INFO] Streaming transport linked up: (<pika.adapters.utils.io_services_utils._AsyncSSLTransport object at 0x000001BFED4C1130>, _StreamingProtocolShim: <SelectConnection PROTOCOL transport=<pika.adapters.utils.io_services_utils._AsyncSSLTransport object at 0x000001BFED4C1130> params=<URLParameters host=puffin.rmq2.cloudamqp.com port=5671 virtual_host=fwgxshpc ssl=True>>).
2026-02-07 15:07:20,497 [INFO] AMQPConnector - reporting success: <SelectConnection OPEN transport=<pika.adapters.utils.io_services_utils._AsyncSSLTransport object at 0x000001BFED4C1130> params=<URLParameters host=puffin.rmq2.cloudamqp.com port=5671 virtual_host=fwgxshpc ssl=True>>
2026-02-07 15:07:20,497 [INFO] AMQPConnectionWorkflow - reporting success: <SelectConnection OPEN transport=<pika.adapters.utils.io_services_utils._AsyncSSLTransport object at 0x000001BFED4C1130> params=<URLParameters host=puffin.rmq2.cloudamqp.com port=5671 virtual_host=fwgxshpc ssl=True>>
2026-02-07 15:07:20,498 [INFO] Connection workflow succeeded: <SelectConnection OPEN transport=<pika.adapters.utils.io_services_utils._AsyncSSLTransport object at 0x000001BFED4C1130> params=<URLParameters host=puffin.rmq2.cloudamqp.com port=5671 virtual_host=fwgxshpc ssl=True>>
2026-02-07 15:07:20,498 [INFO] Created channel=1
2026-02-07 15:07:20,593 [INFO] Closing connection (200): Normal shutdown
2026-02-07 15:07:20,593 [INFO] Closing channel (200): 'Normal shutdown' on <Channel number=1 OPEN conn=<SelectConnection OPEN transport=<pika.adapters.utils.io_services_utils._AsyncSSLTransport object at 0x000001BFED4C1130> params=<URLParameters host=puffin.rmq2.cloudamqp.com port=5671 virtual_host=fwgxshpc ssl=True>>>
2026-02-07 15:07:20,644 [INFO] Received <Channel.CloseOk> on <Channel number=1 CLOSING conn=<SelectConnection OPEN transport=<pika.adapters.utils.io_services_utils._AsyncSSLTransport object at 0x000001BFED4C1130> params=<URLParameters host=puffin.rmq2.cloudamqp.com port=5671 virtual_host=fwgxshpc ssl=True>>>
2026-02-07 15:07:20,644 [INFO] Closing connection (200): 'Normal shutdown'
2026-02-07 15:07:20,703 [INFO] Aborting transport connection: state=1; <ssl.SSLSocket fd=1224, family=2, type=1, proto=0, laddr=('192.168.29.128', 58503), raddr=('15.206.140.228', 5671)>
2026-02-07 15:07:20,703 [INFO] _AsyncTransportBase._initate_abort(): Initiating abrupt asynchronous transport shutdown: state=1; error=None; <ssl.SSLSocket fd=1224, family=2, type=1, proto=0, laddr=('192.168.29.128', 58503), raddr=('15.206.140.228', 5671)>
2026-02-07 15:07:20,703 [INFO] Deactivating transport: state=1; <ssl.SSLSocket fd=1224, family=2, type=1, proto=0, laddr=('192.168.29.128', 58503), raddr=('15.206.140.228', 5671)>
2026-02-07 15:07:20,703 [INFO] AMQP stack terminated, failed to connect, or aborted: opened=True, error-arg=None; pending-error=ConnectionClosedByClient: (200) 'Normal shutdown'
2026-02-07 15:07:20,703 [INFO] Stack terminated due to ConnectionClosedByClient: (200) 'Normal shutdown'
2026-02-07 15:07:20,703 [INFO] Closing transport socket and unlinking: state=3; <ssl.SSLSocket fd=1224, family=2, type=1, proto=0, laddr=('192.168.29.128', 58503), raddr=('15.206.140.228', 5671)>
2026-02-07 15:07:20,703 [INFO] User-initiated close: result=BlockingConnection__OnClosedArgs(connection=<SelectConnection CLOSED transport=None params=<URLParameters host=puffin.rmq2.cloudamqp.com port=5671 virtual_host=fwgxshpc ssl=True>>, error=ConnectionClosedByClient: (200) 'Normal shutdown')
2026-02-07 15:07:20,703 [INFO] {
    "status": "success",
    "info": "URLs pushed to RabbitMQ successfully for project: internal_feasibility, site: styleunion_com"
}
2026-02-07 15:07:20,703 [INFO] {
    "status": "info",
    "info": "Fetching page content for URL: https://styleunion.in/collections/womens-socks"
}
2026-02-07 15:07:22,148 [INFO] {
    "status": "info",
    "info": "Encoding array"
}
2026-02-07 15:07:22,148 [INFO] {
    "status": "success",
    "info": "Array encoded successfully"
}
2026-02-07 15:07:22,148 [INFO] {
    "status": "success",
    "info": "C:\\Users\\shanj\\OneDrive\\Desktop\\SARA\\cache\\2fe2b4f8df6d6d6c59a1350b9d19352d.html",
    "url": "Page fetched successfully."
}
2026-02-07 15:07:22,195 [INFO] {
    "status": "info",
    "info": "Getting final URL for project: internal_feasibility and site: styleunion_com"
}
2026-02-07 15:07:22,195 [INFO] {
    "status": "info",
    "info": "Fetching page content for URL: https://styleunion.in/collections/womens-socks?page=1"
}
2026-02-07 15:07:23,709 [INFO] {
    "status": "info",
    "info": "Encoding array"
}
2026-02-07 15:07:23,709 [INFO] {
    "status": "success",
    "info": "Array encoded successfully"
}
2026-02-07 15:07:23,709 [INFO] {
    "status": "success",
    "info": "C:\\Users\\shanj\\OneDrive\\Desktop\\SARA\\cache\\99a7d05bd8109e5a605a27feafb8e37f.html",
    "url": "Page fetched successfully."
}
2026-02-07 15:07:23,760 [INFO] {
    "status": "info",
    "info": "Pushing URLs to RabbitMQ for project: internal_feasibility, site: styleunion_com"
}
2026-02-07 15:07:23,842 [INFO] Pika version 1.3.2 connecting to ('15.206.140.228', 5671)
2026-02-07 15:07:23,879 [INFO] Socket connected: <socket.socket fd=1036, family=2, type=1, proto=6, laddr=('192.168.29.128', 58509), raddr=('15.206.140.228', 5671)>
2026-02-07 15:07:23,942 [INFO] SSL handshake completed successfully: <ssl.SSLSocket fd=1036, family=2, type=1, proto=0, laddr=('192.168.29.128', 58509), raddr=('15.206.140.228', 5671)>
2026-02-07 15:07:23,942 [INFO] Streaming transport linked up: (<pika.adapters.utils.io_services_utils._AsyncSSLTransport object at 0x000001BFED4C2CF0>, _StreamingProtocolShim: <SelectConnection PROTOCOL transport=<pika.adapters.utils.io_services_utils._AsyncSSLTransport object at 0x000001BFED4C2CF0> params=<URLParameters host=puffin.rmq2.cloudamqp.com port=5671 virtual_host=fwgxshpc ssl=True>>).
2026-02-07 15:07:24,077 [INFO] AMQPConnector - reporting success: <SelectConnection OPEN transport=<pika.adapters.utils.io_services_utils._AsyncSSLTransport object at 0x000001BFED4C2CF0> params=<URLParameters host=puffin.rmq2.cloudamqp.com port=5671 virtual_host=fwgxshpc ssl=True>>
2026-02-07 15:07:24,077 [INFO] AMQPConnectionWorkflow - reporting success: <SelectConnection OPEN transport=<pika.adapters.utils.io_services_utils._AsyncSSLTransport object at 0x000001BFED4C2CF0> params=<URLParameters host=puffin.rmq2.cloudamqp.com port=5671 virtual_host=fwgxshpc ssl=True>>
2026-02-07 15:07:24,077 [INFO] Connection workflow succeeded: <SelectConnection OPEN transport=<pika.adapters.utils.io_services_utils._AsyncSSLTransport object at 0x000001BFED4C2CF0> params=<URLParameters host=puffin.rmq2.cloudamqp.com port=5671 virtual_host=fwgxshpc ssl=True>>
2026-02-07 15:07:24,077 [INFO] Created channel=1
2026-02-07 15:07:24,175 [INFO] Closing connection (200): Normal shutdown
2026-02-07 15:07:24,175 [INFO] Closing channel (200): 'Normal shutdown' on <Channel number=1 OPEN conn=<SelectConnection OPEN transport=<pika.adapters.utils.io_services_utils._AsyncSSLTransport object at 0x000001BFED4C2CF0> params=<URLParameters host=puffin.rmq2.cloudamqp.com port=5671 virtual_host=fwgxshpc ssl=True>>>
2026-02-07 15:07:24,224 [INFO] Received <Channel.CloseOk> on <Channel number=1 CLOSING conn=<SelectConnection OPEN transport=<pika.adapters.utils.io_services_utils._AsyncSSLTransport object at 0x000001BFED4C2CF0> params=<URLParameters host=puffin.rmq2.cloudamqp.com port=5671 virtual_host=fwgxshpc ssl=True>>>
2026-02-07 15:07:24,224 [INFO] Closing connection (200): 'Normal shutdown'
2026-02-07 15:07:24,272 [INFO] Aborting transport connection: state=1; <ssl.SSLSocket fd=1036, family=2, type=1, proto=0, laddr=('192.168.29.128', 58509), raddr=('15.206.140.228', 5671)>
2026-02-07 15:07:24,272 [INFO] _AsyncTransportBase._initate_abort(): Initiating abrupt asynchronous transport shutdown: state=1; error=None; <ssl.SSLSocket fd=1036, family=2, type=1, proto=0, laddr=('192.168.29.128', 58509), raddr=('15.206.140.228', 5671)>
2026-02-07 15:07:24,272 [INFO] Deactivating transport: state=1; <ssl.SSLSocket fd=1036, family=2, type=1, proto=0, laddr=('192.168.29.128', 58509), raddr=('15.206.140.228', 5671)>
2026-02-07 15:07:24,272 [INFO] AMQP stack terminated, failed to connect, or aborted: opened=True, error-arg=None; pending-error=ConnectionClosedByClient: (200) 'Normal shutdown'
2026-02-07 15:07:24,272 [INFO] Stack terminated due to ConnectionClosedByClient: (200) 'Normal shutdown'
2026-02-07 15:07:24,272 [INFO] Closing transport socket and unlinking: state=3; <ssl.SSLSocket fd=1036, family=2, type=1, proto=0, laddr=('192.168.29.128', 58509), raddr=('15.206.140.228', 5671)>
2026-02-07 15:07:24,272 [INFO] User-initiated close: result=BlockingConnection__OnClosedArgs(connection=<SelectConnection CLOSED transport=None params=<URLParameters host=puffin.rmq2.cloudamqp.com port=5671 virtual_host=fwgxshpc ssl=True>>, error=ConnectionClosedByClient: (200) 'Normal shutdown')
2026-02-07 15:07:24,272 [INFO] {
    "status": "success",
    "info": "URLs pushed to RabbitMQ successfully for project: internal_feasibility, site: styleunion_com"
}
2026-02-07 15:07:24,272 [INFO] {
    "status": "info",
    "info": "Fetching page content for URL: https://styleunion.in/collections/womens-socks?page=2"
}
2026-02-07 15:07:25,594 [INFO] {
    "status": "info",
    "info": "Encoding array"
}
2026-02-07 15:07:25,594 [INFO] {
    "status": "success",
    "info": "Array encoded successfully"
}
2026-02-07 15:07:25,594 [INFO] {
    "status": "success",
    "info": "C:\\Users\\shanj\\OneDrive\\Desktop\\SARA\\cache\\58fcdc9666e20dd4ed390c58447baf51.html",
    "url": "Page fetched successfully."
}
2026-02-07 15:07:25,627 [INFO] {
    "status": "info",
    "info": "Pushing URLs to RabbitMQ for project: internal_feasibility, site: styleunion_com"
}
2026-02-07 15:07:25,658 [INFO] Pika version 1.3.2 connecting to ('15.206.140.228', 5671)
2026-02-07 15:07:25,706 [INFO] Socket connected: <socket.socket fd=1356, family=2, type=1, proto=6, laddr=('192.168.29.128', 58513), raddr=('15.206.140.228', 5671)>
2026-02-07 15:07:25,758 [INFO] SSL handshake completed successfully: <ssl.SSLSocket fd=1356, family=2, type=1, proto=0, laddr=('192.168.29.128', 58513), raddr=('15.206.140.228', 5671)>
2026-02-07 15:07:25,758 [INFO] Streaming transport linked up: (<pika.adapters.utils.io_services_utils._AsyncSSLTransport object at 0x000001BFED4C24E0>, _StreamingProtocolShim: <SelectConnection PROTOCOL transport=<pika.adapters.utils.io_services_utils._AsyncSSLTransport object at 0x000001BFED4C24E0> params=<URLParameters host=puffin.rmq2.cloudamqp.com port=5671 virtual_host=fwgxshpc ssl=True>>).
2026-02-07 15:07:25,900 [INFO] AMQPConnector - reporting success: <SelectConnection OPEN transport=<pika.adapters.utils.io_services_utils._AsyncSSLTransport object at 0x000001BFED4C24E0> params=<URLParameters host=puffin.rmq2.cloudamqp.com port=5671 virtual_host=fwgxshpc ssl=True>>
2026-02-07 15:07:25,900 [INFO] AMQPConnectionWorkflow - reporting success: <SelectConnection OPEN transport=<pika.adapters.utils.io_services_utils._AsyncSSLTransport object at 0x000001BFED4C24E0> params=<URLParameters host=puffin.rmq2.cloudamqp.com port=5671 virtual_host=fwgxshpc ssl=True>>
2026-02-07 15:07:25,900 [INFO] Connection workflow succeeded: <SelectConnection OPEN transport=<pika.adapters.utils.io_services_utils._AsyncSSLTransport object at 0x000001BFED4C24E0> params=<URLParameters host=puffin.rmq2.cloudamqp.com port=5671 virtual_host=fwgxshpc ssl=True>>
2026-02-07 15:07:25,900 [INFO] Created channel=1
2026-02-07 15:07:26,015 [INFO] Closing connection (200): Normal shutdown
2026-02-07 15:07:26,016 [INFO] Closing channel (200): 'Normal shutdown' on <Channel number=1 OPEN conn=<SelectConnection OPEN transport=<pika.adapters.utils.io_services_utils._AsyncSSLTransport object at 0x000001BFED4C24E0> params=<URLParameters host=puffin.rmq2.cloudamqp.com port=5671 virtual_host=fwgxshpc ssl=True>>>
2026-02-07 15:07:26,058 [INFO] Received <Channel.CloseOk> on <Channel number=1 CLOSING conn=<SelectConnection OPEN transport=<pika.adapters.utils.io_services_utils._AsyncSSLTransport object at 0x000001BFED4C24E0> params=<URLParameters host=puffin.rmq2.cloudamqp.com port=5671 virtual_host=fwgxshpc ssl=True>>>
2026-02-07 15:07:26,058 [INFO] Closing connection (200): 'Normal shutdown'
2026-02-07 15:07:26,109 [INFO] Aborting transport connection: state=1; <ssl.SSLSocket fd=1356, family=2, type=1, proto=0, laddr=('192.168.29.128', 58513), raddr=('15.206.140.228', 5671)>
2026-02-07 15:07:26,123 [INFO] _AsyncTransportBase._initate_abort(): Initiating abrupt asynchronous transport shutdown: state=1; error=None; <ssl.SSLSocket fd=1356, family=2, type=1, proto=0, laddr=('192.168.29.128', 58513), raddr=('15.206.140.228', 5671)>
2026-02-07 15:07:26,123 [INFO] Deactivating transport: state=1; <ssl.SSLSocket fd=1356, family=2, type=1, proto=0, laddr=('192.168.29.128', 58513), raddr=('15.206.140.228', 5671)>
2026-02-07 15:07:26,123 [INFO] AMQP stack terminated, failed to connect, or aborted: opened=True, error-arg=None; pending-error=ConnectionClosedByClient: (200) 'Normal shutdown'
2026-02-07 15:07:26,124 [INFO] Stack terminated due to ConnectionClosedByClient: (200) 'Normal shutdown'
2026-02-07 15:07:26,124 [INFO] Closing transport socket and unlinking: state=3; <ssl.SSLSocket fd=1356, family=2, type=1, proto=0, laddr=('192.168.29.128', 58513), raddr=('15.206.140.228', 5671)>
2026-02-07 15:07:26,124 [INFO] User-initiated close: result=BlockingConnection__OnClosedArgs(connection=<SelectConnection CLOSED transport=None params=<URLParameters host=puffin.rmq2.cloudamqp.com port=5671 virtual_host=fwgxshpc ssl=True>>, error=ConnectionClosedByClient: (200) 'Normal shutdown')
2026-02-07 15:07:26,125 [INFO] {
    "status": "success",
    "info": "URLs pushed to RabbitMQ successfully for project: internal_feasibility, site: styleunion_com"
}
2026-02-07 15:09:20,753 [INFO] {
    "status": "info",
    "info": "Initializing UrlRetriever for project: internal_feasibility and site: styleunion_com"
}
2026-02-07 15:09:20,753 [INFO] {
    "status": "info",
    "info": "Starting script execution of url_retriever for project: internal_feasibility and site: styleunion_com"
}
2026-02-07 15:09:20,753 [INFO] {
    "status": "info",
    "info": "Loading configuration file: C:\\Users\\shanj\\OneDrive\\Desktop\\SARA\\url_discovery\\internal_feasibility\\styleunion_com_internal_feasibility.yml"
}
2026-02-07 15:09:20,753 [INFO] {
    "status": "info",
    "info": "Fetching discovery_output for project: internal_feasibility and site: styleunion_com"
}
2026-02-07 15:09:20,801 [INFO] Pika version 1.3.2 connecting to ('15.206.140.228', 5671)
2026-02-07 15:09:20,833 [INFO] Socket connected: <socket.socket fd=852, family=2, type=1, proto=6, laddr=('192.168.29.128', 58963), raddr=('15.206.140.228', 5671)>
2026-02-07 15:09:20,897 [INFO] SSL handshake completed successfully: <ssl.SSLSocket fd=852, family=2, type=1, proto=0, laddr=('192.168.29.128', 58963), raddr=('15.206.140.228', 5671)>
2026-02-07 15:09:20,897 [INFO] Streaming transport linked up: (<pika.adapters.utils.io_services_utils._AsyncSSLTransport object at 0x0000019F7F017740>, _StreamingProtocolShim: <SelectConnection PROTOCOL transport=<pika.adapters.utils.io_services_utils._AsyncSSLTransport object at 0x0000019F7F017740> params=<URLParameters host=puffin.rmq2.cloudamqp.com port=5671 virtual_host=fwgxshpc ssl=True>>).
2026-02-07 15:09:21,025 [INFO] AMQPConnector - reporting success: <SelectConnection OPEN transport=<pika.adapters.utils.io_services_utils._AsyncSSLTransport object at 0x0000019F7F017740> params=<URLParameters host=puffin.rmq2.cloudamqp.com port=5671 virtual_host=fwgxshpc ssl=True>>
2026-02-07 15:09:21,025 [INFO] AMQPConnectionWorkflow - reporting success: <SelectConnection OPEN transport=<pika.adapters.utils.io_services_utils._AsyncSSLTransport object at 0x0000019F7F017740> params=<URLParameters host=puffin.rmq2.cloudamqp.com port=5671 virtual_host=fwgxshpc ssl=True>>
2026-02-07 15:09:21,025 [INFO] Connection workflow succeeded: <SelectConnection OPEN transport=<pika.adapters.utils.io_services_utils._AsyncSSLTransport object at 0x0000019F7F017740> params=<URLParameters host=puffin.rmq2.cloudamqp.com port=5671 virtual_host=fwgxshpc ssl=True>>
2026-02-07 15:09:21,025 [INFO] Created channel=1
2026-02-07 15:09:22,781 [INFO] Closing connection (200): Normal shutdown
2026-02-07 15:09:22,781 [INFO] Closing channel (200): 'Normal shutdown' on <Channel number=1 OPEN conn=<SelectConnection OPEN transport=<pika.adapters.utils.io_services_utils._AsyncSSLTransport object at 0x0000019F7F017740> params=<URLParameters host=puffin.rmq2.cloudamqp.com port=5671 virtual_host=fwgxshpc ssl=True>>>
2026-02-07 15:09:22,812 [INFO] Received <Channel.CloseOk> on <Channel number=1 CLOSING conn=<SelectConnection OPEN transport=<pika.adapters.utils.io_services_utils._AsyncSSLTransport object at 0x0000019F7F017740> params=<URLParameters host=puffin.rmq2.cloudamqp.com port=5671 virtual_host=fwgxshpc ssl=True>>>
2026-02-07 15:09:22,822 [INFO] Closing connection (200): 'Normal shutdown'
2026-02-07 15:09:22,860 [INFO] Aborting transport connection: state=1; <ssl.SSLSocket fd=852, family=2, type=1, proto=0, laddr=('192.168.29.128', 58963), raddr=('15.206.140.228', 5671)>
2026-02-07 15:09:22,860 [INFO] _AsyncTransportBase._initate_abort(): Initiating abrupt asynchronous transport shutdown: state=1; error=None; <ssl.SSLSocket fd=852, family=2, type=1, proto=0, laddr=('192.168.29.128', 58963), raddr=('15.206.140.228', 5671)>
2026-02-07 15:09:22,860 [INFO] Deactivating transport: state=1; <ssl.SSLSocket fd=852, family=2, type=1, proto=0, laddr=('192.168.29.128', 58963), raddr=('15.206.140.228', 5671)>
2026-02-07 15:09:22,860 [INFO] AMQP stack terminated, failed to connect, or aborted: opened=True, error-arg=None; pending-error=ConnectionClosedByClient: (200) 'Normal shutdown'
2026-02-07 15:09:22,860 [INFO] Stack terminated due to ConnectionClosedByClient: (200) 'Normal shutdown'
2026-02-07 15:09:22,863 [INFO] Closing transport socket and unlinking: state=3; <ssl.SSLSocket fd=852, family=2, type=1, proto=0, laddr=('192.168.29.128', 58963), raddr=('15.206.140.228', 5671)>
2026-02-07 15:09:22,863 [INFO] User-initiated close: result=BlockingConnection__OnClosedArgs(connection=<SelectConnection CLOSED transport=None params=<URLParameters host=puffin.rmq2.cloudamqp.com port=5671 virtual_host=fwgxshpc ssl=True>>, error=ConnectionClosedByClient: (200) 'Normal shutdown')
2026-02-07 15:09:22,863 [INFO] {
    "status": "info",
    "info": "Fetching page content for URL: https://styleunion.in/collections/women-caps/products/cotton-embroidered-cap-lac0001?variant=44200059437305"
}
2026-02-07 15:09:24,074 [INFO] {
    "status": "info",
    "info": "Encoding array"
}
2026-02-07 15:09:24,074 [INFO] {
    "status": "success",
    "info": "Array encoded successfully"
}
2026-02-07 15:09:24,074 [INFO] {
    "status": "success",
    "info": "C:\\Users\\shanj\\OneDrive\\Desktop\\SARA\\cache\\16229206587656df25d89b6f0855f8d4.html",
    "url": "Page fetched successfully."
}
2026-02-07 15:09:24,074 [INFO] {
    "status": "info",
    "info": "Encoding array"
}
2026-02-07 15:09:24,074 [INFO] {
    "status": "success",
    "info": "Array encoded successfully"
}
2026-02-07 15:09:24,081 [INFO] {
    "status": "success",
    "info": "Successfully fetched page content for URL: https://styleunion.in/collections/women-caps/products/cotton-embroidered-cap-lac0001?variant=44200059437305"
}
2026-02-07 15:09:24,081 [INFO] {
    "status": "info",
    "info": "Fetching page content for URL: https://styleunion.in/collections/women-caps/products/cotton-embroidered-cap-lac0003?variant=44200062386425"
}
2026-02-07 15:09:25,535 [INFO] {
    "status": "info",
    "info": "Encoding array"
}
2026-02-07 15:09:25,535 [INFO] {
    "status": "success",
    "info": "Array encoded successfully"
}
2026-02-07 15:09:25,535 [INFO] {
    "status": "success",
    "info": "C:\\Users\\shanj\\OneDrive\\Desktop\\SARA\\cache\\8853c5093ff83d97bdeddbc92035f5e0.html",
    "url": "Page fetched successfully."
}
2026-02-07 15:09:25,541 [INFO] {
    "status": "info",
    "info": "Encoding array"
}
2026-02-07 15:09:25,541 [INFO] {
    "status": "success",
    "info": "Array encoded successfully"
}
2026-02-07 15:09:25,550 [INFO] {
    "status": "success",
    "info": "Successfully fetched page content for URL: https://styleunion.in/collections/women-caps/products/cotton-embroidered-cap-lac0003?variant=44200062386425"
}
2026-02-07 15:09:25,550 [INFO] {
    "status": "info",
    "info": "Fetching page content for URL: https://styleunion.in/collections/women-caps/products/cotton-embroidered-cap-lac0002?variant=44200060584185"
}
2026-02-07 15:09:27,246 [INFO] {
    "status": "info",
    "info": "Encoding array"
}
2026-02-07 15:09:27,246 [INFO] {
    "status": "success",
    "info": "Array encoded successfully"
}
2026-02-07 15:09:27,246 [INFO] {
    "status": "success",
    "info": "C:\\Users\\shanj\\OneDrive\\Desktop\\SARA\\cache\\41c2e0ff34ca31181d6348d0ba042d06.html",
    "url": "Page fetched successfully."
}
2026-02-07 15:09:27,246 [INFO] {
    "status": "info",
    "info": "Encoding array"
}
2026-02-07 15:09:27,246 [INFO] {
    "status": "success",
    "info": "Array encoded successfully"
}
2026-02-07 15:09:27,246 [INFO] {
    "status": "success",
    "info": "Successfully fetched page content for URL: https://styleunion.in/collections/women-caps/products/cotton-embroidered-cap-lac0002?variant=44200060584185"
}
2026-02-07 15:09:27,246 [INFO] {
    "status": "info",
    "info": "Fetching page content for URL: https://styleunion.in/collections/women-caps/products/regular-fit-jacquard-t-shirt-pfct00003?variant=46284011372793"
}
2026-02-07 15:09:28,614 [INFO] {
    "status": "info",
    "info": "Encoding array"
}
2026-02-07 15:09:28,614 [INFO] {
    "status": "success",
    "info": "Array encoded successfully"
}
2026-02-07 15:09:28,617 [INFO] {
    "status": "success",
    "info": "C:\\Users\\shanj\\OneDrive\\Desktop\\SARA\\cache\\7d6fd4eb7d72230acd8f95289fc2dc8f.html",
    "url": "Page fetched successfully."
}
2026-02-07 15:09:28,619 [INFO] {
    "status": "info",
    "info": "Encoding array"
}
2026-02-07 15:09:28,619 [INFO] {
    "status": "success",
    "info": "Array encoded successfully"
}
2026-02-07 15:09:28,621 [INFO] {
    "status": "success",
    "info": "Successfully fetched page content for URL: https://styleunion.in/collections/women-caps/products/regular-fit-jacquard-t-shirt-pfct00003?variant=46284011372793"
}
2026-02-07 15:09:28,621 [INFO] {
    "status": "info",
    "info": "Fetching page content for URL: https://styleunion.in/collections/women-caps/products/air-polo-solid-t-shirt-atpo00002?variant=46634704929017"
}
2026-02-07 15:09:30,393 [INFO] {
    "status": "info",
    "info": "Encoding array"
}
2026-02-07 15:09:30,393 [INFO] {
    "status": "success",
    "info": "Array encoded successfully"
}
2026-02-07 15:09:30,393 [INFO] {
    "status": "success",
    "info": "C:\\Users\\shanj\\OneDrive\\Desktop\\SARA\\cache\\82847b3d3b53cbacdfd8a42ecf2609c2.html",
    "url": "Page fetched successfully."
}
2026-02-07 15:09:30,393 [INFO] {
    "status": "info",
    "info": "Encoding array"
}
2026-02-07 15:09:30,393 [INFO] {
    "status": "success",
    "info": "Array encoded successfully"
}
2026-02-07 15:09:30,409 [INFO] {
    "status": "success",
    "info": "Successfully fetched page content for URL: https://styleunion.in/collections/women-caps/products/air-polo-solid-t-shirt-atpo00002?variant=46634704929017"
}
2026-02-07 15:09:30,410 [INFO] {
    "status": "info",
    "info": "Fetching page content for URL: https://styleunion.in/collections/women-caps/products/solid-running-shorts-pfst00002?variant=47058344476921"
}
2026-02-07 15:09:31,810 [INFO] {
    "status": "info",
    "info": "Encoding array"
}
2026-02-07 15:09:31,810 [INFO] {
    "status": "success",
    "info": "Array encoded successfully"
}
2026-02-07 15:09:31,810 [INFO] {
    "status": "success",
    "info": "C:\\Users\\shanj\\OneDrive\\Desktop\\SARA\\cache\\f83a2ac1cbf0be8a2cdf744f78ca84d3.html",
    "url": "Page fetched successfully."
}
2026-02-07 15:09:31,810 [INFO] {
    "status": "info",
    "info": "Encoding array"
}
2026-02-07 15:09:31,810 [INFO] {
    "status": "success",
    "info": "Array encoded successfully"
}
2026-02-07 15:09:31,826 [INFO] {
    "status": "success",
    "info": "Successfully fetched page content for URL: https://styleunion.in/collections/women-caps/products/solid-running-shorts-pfst00002?variant=47058344476921"
}
2026-02-07 15:09:31,826 [INFO] {
    "status": "info",
    "info": "Fetching page content for URL: https://styleunion.in/collections/women-caps/products/mid-flare-solid-high-rise-leggings-wacl00002?variant=46284949979385"
}
2026-02-07 15:09:33,063 [INFO] {
    "status": "info",
    "info": "Encoding array"
}
2026-02-07 15:09:33,063 [INFO] {
    "status": "success",
    "info": "Array encoded successfully"
}
2026-02-07 15:09:33,063 [INFO] {
    "status": "success",
    "info": "C:\\Users\\shanj\\OneDrive\\Desktop\\SARA\\cache\\51b3753e9c685ee229c1313511f6c291.html",
    "url": "Page fetched successfully."
}
2026-02-07 15:09:33,074 [INFO] {
    "status": "info",
    "info": "Encoding array"
}
2026-02-07 15:09:33,074 [INFO] {
    "status": "success",
    "info": "Array encoded successfully"
}
2026-02-07 15:09:33,078 [INFO] {
    "status": "success",
    "info": "Successfully fetched page content for URL: https://styleunion.in/collections/women-caps/products/mid-flare-solid-high-rise-leggings-wacl00002?variant=46284949979385"
}
2026-02-07 15:09:33,078 [INFO] {
    "status": "info",
    "info": "Fetching page content for URL: https://styleunion.in/collections/women-caps/products/elastomultiester-fabric-ultra-light-weight-enhanced-flexibility-and-stretch-wicking-technology-fast-dry-and-breathable-mobile-pocket-air-shorts-atst00001?variant=46284196643065"
}
2026-02-07 15:09:33,578 [INFO] {
    "status": "info",
    "info": "Encoding array"
}
2026-02-07 15:09:33,578 [INFO] {
    "status": "success",
    "info": "Array encoded successfully"
}
2026-02-07 15:09:33,582 [INFO] {
    "status": "success",
    "info": "C:\\Users\\shanj\\OneDrive\\Desktop\\SARA\\cache\\842f07c4ecfcce992876dae548927f8e.html",
    "url": "Page fetched successfully."
}
2026-02-07 15:09:33,584 [INFO] {
    "status": "info",
    "info": "Encoding array"
}
2026-02-07 15:09:33,584 [INFO] {
    "status": "success",
    "info": "Array encoded successfully"
}
2026-02-07 15:09:33,588 [INFO] {
    "status": "success",
    "info": "Successfully fetched page content for URL: https://styleunion.in/collections/women-caps/products/elastomultiester-fabric-ultra-light-weight-enhanced-flexibility-and-stretch-wicking-technology-fast-dry-and-breathable-mobile-pocket-air-shorts-atst00001?variant=46284196643065"
}
2026-02-07 15:09:33,588 [INFO] {
    "status": "info",
    "info": "Fetching page content for URL: https://styleunion.in/collections/women-caps/products/regular-fit-solid-jacket-pfjk00001?variant=46284008194297"
}
2026-02-07 15:09:36,250 [INFO] {
    "status": "info",
    "info": "Encoding array"
}
2026-02-07 15:09:36,250 [INFO] {
    "status": "success",
    "info": "Array encoded successfully"
}
2026-02-07 15:09:36,250 [INFO] {
    "status": "success",
    "info": "C:\\Users\\shanj\\OneDrive\\Desktop\\SARA\\cache\\e74caa9f868bb1764ae0463b89aad63d.html",
    "url": "Page fetched successfully."
}
2026-02-07 15:09:36,250 [INFO] {
    "status": "info",
    "info": "Encoding array"
}
2026-02-07 15:09:36,250 [INFO] {
    "status": "success",
    "info": "Array encoded successfully"
}
2026-02-07 15:09:36,261 [INFO] {
    "status": "success",
    "info": "Successfully fetched page content for URL: https://styleunion.in/collections/women-caps/products/regular-fit-solid-jacket-pfjk00001?variant=46284008194297"
}
2026-02-07 15:09:36,265 [INFO] {
    "status": "info",
    "info": "Fetching page content for URL: https://styleunion.in/collections/women-caps/products/regular-fit-solid-mid-rise-trackpants-pflw00002?variant=46284006654201"
}
2026-02-07 15:09:37,846 [INFO] {
    "status": "info",
    "info": "Encoding array"
}
2026-02-07 15:09:37,846 [INFO] {
    "status": "success",
    "info": "Array encoded successfully"
}
2026-02-07 15:09:37,846 [INFO] {
    "status": "success",
    "info": "C:\\Users\\shanj\\OneDrive\\Desktop\\SARA\\cache\\6d5feeac3202af6534f0f1c3ac7a756f.html",
    "url": "Page fetched successfully."
}
2026-02-07 15:09:37,846 [INFO] {
    "status": "info",
    "info": "Encoding array"
}
2026-02-07 15:09:37,846 [INFO] {
    "status": "success",
    "info": "Array encoded successfully"
}
2026-02-07 15:09:37,846 [INFO] {
    "status": "success",
    "info": "Successfully fetched page content for URL: https://styleunion.in/collections/women-caps/products/regular-fit-solid-mid-rise-trackpants-pflw00002?variant=46284006654201"
}
2026-02-07 15:09:37,846 [INFO] {
    "status": "info",
    "info": "Fetching page content for URL: https://styleunion.in/collections/kids-bag/products/boys-printed-backpack-nkbb0002?variant=46935028990201"
}
2026-02-07 15:09:41,310 [INFO] {
    "status": "info",
    "info": "Encoding array"
}
2026-02-07 15:09:41,310 [INFO] {
    "status": "success",
    "info": "Array encoded successfully"
}
2026-02-07 15:09:41,313 [INFO] {
    "status": "success",
    "info": "C:\\Users\\shanj\\OneDrive\\Desktop\\SARA\\cache\\e86ef5094fdcfb2017fa588e40b15a38.html",
    "url": "Page fetched successfully."
}
2026-02-07 15:09:41,313 [INFO] {
    "status": "info",
    "info": "Encoding array"
}
2026-02-07 15:09:41,313 [INFO] {
    "status": "success",
    "info": "Array encoded successfully"
}
2026-02-07 15:09:41,313 [INFO] {
    "status": "success",
    "info": "Successfully fetched page content for URL: https://styleunion.in/collections/kids-bag/products/boys-printed-backpack-nkbb0002?variant=46935028990201"
}
2026-02-07 15:09:41,313 [INFO] {
    "status": "info",
    "info": "Fetching page content for URL: https://styleunion.in/collections/kids-bag/products/boys-union-print-backpack-nkbb0001?variant=46687693734137"
}
2026-02-07 15:09:43,699 [INFO] {
    "status": "info",
    "info": "Encoding array"
}
2026-02-07 15:09:43,699 [INFO] {
    "status": "success",
    "info": "Array encoded successfully"
}
2026-02-07 15:09:43,703 [INFO] {
    "status": "success",
    "info": "C:\\Users\\shanj\\OneDrive\\Desktop\\SARA\\cache\\457b52afb2889bcf36e80173489e2b25.html",
    "url": "Page fetched successfully."
}
2026-02-07 15:09:43,703 [INFO] {
    "status": "info",
    "info": "Encoding array"
}
2026-02-07 15:09:43,703 [INFO] {
    "status": "success",
    "info": "Array encoded successfully"
}
2026-02-07 15:09:43,709 [INFO] {
    "status": "success",
    "info": "Successfully fetched page content for URL: https://styleunion.in/collections/kids-bag/products/boys-union-print-backpack-nkbb0001?variant=46687693734137"
}
2026-02-07 15:09:43,709 [INFO] {
    "status": "info",
    "info": "Fetching page content for URL: https://styleunion.in/collections/kids-bag/products/girls-printed-backpack-nkgb0002?variant=46935029022969"
}
2026-02-07 15:09:45,144 [INFO] {
    "status": "info",
    "info": "Encoding array"
}
2026-02-07 15:09:45,144 [INFO] {
    "status": "success",
    "info": "Array encoded successfully"
}
2026-02-07 15:09:45,144 [INFO] {
    "status": "success",
    "info": "C:\\Users\\shanj\\OneDrive\\Desktop\\SARA\\cache\\1551b46cb49dc6138745c95ddc4c0b1b.html",
    "url": "Page fetched successfully."
}
2026-02-07 15:09:45,154 [INFO] {
    "status": "info",
    "info": "Encoding array"
}
2026-02-07 15:09:45,154 [INFO] {
    "status": "success",
    "info": "Array encoded successfully"
}
2026-02-07 15:09:45,156 [INFO] {
    "status": "success",
    "info": "Successfully fetched page content for URL: https://styleunion.in/collections/kids-bag/products/girls-printed-backpack-nkgb0002?variant=46935029022969"
}
2026-02-07 15:09:45,159 [INFO] {
    "status": "info",
    "info": "Fetching page content for URL: https://styleunion.in/collections/kids-bag/products/girls-unicorn-print-backpack-nkgb0001?variant=46687693766905"
}
2026-02-07 15:09:47,097 [INFO] {
    "status": "info",
    "info": "Encoding array"
}
2026-02-07 15:09:47,097 [INFO] {
    "status": "success",
    "info": "Array encoded successfully"
}
2026-02-07 15:09:47,099 [INFO] {
    "status": "success",
    "info": "C:\\Users\\shanj\\OneDrive\\Desktop\\SARA\\cache\\ad79143cba6ae515b2145251fa436a26.html",
    "url": "Page fetched successfully."
}
2026-02-07 15:09:47,100 [INFO] {
    "status": "info",
    "info": "Encoding array"
}
2026-02-07 15:09:47,100 [INFO] {
    "status": "success",
    "info": "Array encoded successfully"
}
2026-02-07 15:09:47,109 [INFO] {
    "status": "success",
    "info": "Successfully fetched page content for URL: https://styleunion.in/collections/kids-bag/products/girls-unicorn-print-backpack-nkgb0001?variant=46687693766905"
}
2026-02-07 15:09:47,110 [INFO] {
    "status": "info",
    "info": "Fetching page content for URL: https://styleunion.in/collections/kids-bag/products/regular-fit-jacquard-t-shirt-pfct00003?variant=46284011372793"
}
2026-02-07 15:09:48,595 [INFO] {
    "status": "info",
    "info": "Encoding array"
}
2026-02-07 15:09:48,595 [INFO] {
    "status": "success",
    "info": "Array encoded successfully"
}
2026-02-07 15:09:48,595 [INFO] {
    "status": "success",
    "info": "C:\\Users\\shanj\\OneDrive\\Desktop\\SARA\\cache\\bdbf872415a36fa8db434ae1d3a75254.html",
    "url": "Page fetched successfully."
}
2026-02-07 15:09:48,595 [INFO] {
    "status": "info",
    "info": "Encoding array"
}
2026-02-07 15:09:48,595 [INFO] {
    "status": "success",
    "info": "Array encoded successfully"
}
2026-02-07 15:09:48,595 [INFO] {
    "status": "success",
    "info": "Successfully fetched page content for URL: https://styleunion.in/collections/kids-bag/products/regular-fit-jacquard-t-shirt-pfct00003?variant=46284011372793"
}
2026-02-07 15:09:48,609 [INFO] {
    "status": "info",
    "info": "Fetching page content for URL: https://styleunion.in/collections/kids-bag/products/air-polo-solid-t-shirt-atpo00002?variant=46634704929017"
}
2026-02-07 15:09:49,125 [INFO] {
    "status": "info",
    "info": "Encoding array"
}
2026-02-07 15:09:49,125 [INFO] {
    "status": "success",
    "info": "Array encoded successfully"
}
2026-02-07 15:09:49,125 [INFO] {
    "status": "success",
    "info": "C:\\Users\\shanj\\OneDrive\\Desktop\\SARA\\cache\\560446909d696ba45be97fa11a66c980.html",
    "url": "Page fetched successfully."
}
2026-02-07 15:09:49,129 [INFO] {
    "status": "info",
    "info": "Encoding array"
}
2026-02-07 15:09:49,129 [INFO] {
    "status": "success",
    "info": "Array encoded successfully"
}
2026-02-07 15:09:49,133 [INFO] {
    "status": "success",
    "info": "Successfully fetched page content for URL: https://styleunion.in/collections/kids-bag/products/air-polo-solid-t-shirt-atpo00002?variant=46634704929017"
}
2026-02-07 15:09:49,133 [INFO] {
    "status": "info",
    "info": "Fetching page content for URL: https://styleunion.in/collections/kids-bag/products/solid-running-shorts-pfst00002?variant=47058344476921"
}
2026-02-07 15:09:53,769 [INFO] {
    "status": "info",
    "info": "Encoding array"
}
2026-02-07 15:09:53,769 [INFO] {
    "status": "success",
    "info": "Array encoded successfully"
}
2026-02-07 15:09:53,769 [INFO] {
    "status": "success",
    "info": "C:\\Users\\shanj\\OneDrive\\Desktop\\SARA\\cache\\b4f97e6c91da33215fc185ed13e2d37b.html",
    "url": "Page fetched successfully."
}
2026-02-07 15:09:53,769 [INFO] {
    "status": "info",
    "info": "Encoding array"
}
2026-02-07 15:09:53,769 [INFO] {
    "status": "success",
    "info": "Array encoded successfully"
}
2026-02-07 15:09:53,769 [INFO] {
    "status": "success",
    "info": "Successfully fetched page content for URL: https://styleunion.in/collections/kids-bag/products/solid-running-shorts-pfst00002?variant=47058344476921"
}
2026-02-07 15:09:53,769 [INFO] {
    "status": "info",
    "info": "Fetching page content for URL: https://styleunion.in/collections/kids-bag/products/mid-flare-solid-high-rise-leggings-wacl00002?variant=46284949979385"
}
2026-02-07 15:09:54,576 [INFO] {
    "status": "info",
    "info": "Encoding array"
}
2026-02-07 15:09:54,576 [INFO] {
    "status": "success",
    "info": "Array encoded successfully"
}
2026-02-07 15:09:54,576 [INFO] {
    "status": "success",
    "info": "C:\\Users\\shanj\\OneDrive\\Desktop\\SARA\\cache\\4af798b8a03d715e59fc75e0633df8e2.html",
    "url": "Page fetched successfully."
}
2026-02-07 15:09:54,576 [INFO] {
    "status": "info",
    "info": "Encoding array"
}
2026-02-07 15:09:54,576 [INFO] {
    "status": "success",
    "info": "Array encoded successfully"
}
2026-02-07 15:09:54,576 [INFO] {
    "status": "success",
    "info": "Successfully fetched page content for URL: https://styleunion.in/collections/kids-bag/products/mid-flare-solid-high-rise-leggings-wacl00002?variant=46284949979385"
}
2026-02-07 15:09:54,576 [INFO] {
    "status": "info",
    "info": "Fetching page content for URL: https://styleunion.in/collections/kids-bag/products/elastomultiester-fabric-ultra-light-weight-enhanced-flexibility-and-stretch-wicking-technology-fast-dry-and-breathable-mobile-pocket-air-shorts-atst00001?variant=46284196643065"
}
2026-02-07 15:09:55,931 [INFO] {
    "status": "info",
    "info": "Encoding array"
}
2026-02-07 15:09:55,931 [INFO] {
    "status": "success",
    "info": "Array encoded successfully"
}
2026-02-07 15:09:55,931 [INFO] {
    "status": "success",
    "info": "C:\\Users\\shanj\\OneDrive\\Desktop\\SARA\\cache\\90e3d16ef01763f271497dcd116d4bd8.html",
    "url": "Page fetched successfully."
}
2026-02-07 15:09:55,931 [INFO] {
    "status": "info",
    "info": "Encoding array"
}
2026-02-07 15:09:55,931 [INFO] {
    "status": "success",
    "info": "Array encoded successfully"
}
2026-02-07 15:09:55,931 [INFO] {
    "status": "success",
    "info": "Successfully fetched page content for URL: https://styleunion.in/collections/kids-bag/products/elastomultiester-fabric-ultra-light-weight-enhanced-flexibility-and-stretch-wicking-technology-fast-dry-and-breathable-mobile-pocket-air-shorts-atst00001?variant=46284196643065"
}
2026-02-07 15:09:55,931 [INFO] {
    "status": "info",
    "info": "Fetching page content for URL: https://styleunion.in/collections/kids-bag/products/regular-fit-solid-jacket-pfjk00001?variant=46284008194297"
}
2026-02-07 15:09:57,082 [INFO] {
    "status": "info",
    "info": "Encoding array"
}
2026-02-07 15:09:57,082 [INFO] {
    "status": "success",
    "info": "Array encoded successfully"
}
2026-02-07 15:09:57,084 [INFO] {
    "status": "success",
    "info": "C:\\Users\\shanj\\OneDrive\\Desktop\\SARA\\cache\\15829bbf6538b9655a85be6bfd708599.html",
    "url": "Page fetched successfully."
}
2026-02-07 15:09:57,084 [INFO] {
    "status": "info",
    "info": "Encoding array"
}
2026-02-07 15:09:57,084 [INFO] {
    "status": "success",
    "info": "Array encoded successfully"
}
2026-02-07 15:09:57,091 [INFO] {
    "status": "success",
    "info": "Successfully fetched page content for URL: https://styleunion.in/collections/kids-bag/products/regular-fit-solid-jacket-pfjk00001?variant=46284008194297"
}
2026-02-07 15:09:57,091 [INFO] {
    "status": "info",
    "info": "Fetching page content for URL: https://styleunion.in/collections/womens-socks/products/womens-cotton-polyester-printed-socks-lso0018?variant=44988530131193"
}
2026-02-07 15:09:59,165 [INFO] {
    "status": "info",
    "info": "Encoding array"
}
2026-02-07 15:09:59,172 [INFO] {
    "status": "success",
    "info": "Array encoded successfully"
}
2026-02-07 15:09:59,172 [INFO] {
    "status": "success",
    "info": "C:\\Users\\shanj\\OneDrive\\Desktop\\SARA\\cache\\b01b8870c564ad7426211d43a18d4b0b.html",
    "url": "Page fetched successfully."
}
2026-02-07 15:09:59,172 [INFO] {
    "status": "info",
    "info": "Encoding array"
}
2026-02-07 15:09:59,172 [INFO] {
    "status": "success",
    "info": "Array encoded successfully"
}
2026-02-07 15:09:59,172 [INFO] {
    "status": "success",
    "info": "Successfully fetched page content for URL: https://styleunion.in/collections/womens-socks/products/womens-cotton-polyester-printed-socks-lso0018?variant=44988530131193"
}
2026-02-07 15:09:59,172 [INFO] {
    "status": "info",
    "info": "Fetching page content for URL: https://styleunion.in/collections/womens-socks/products/women-cotton-solid-socks-lso0021-lso0021lavenderpink?variant=46219032232185"
}
2026-02-07 15:10:00,630 [INFO] {
    "status": "info",
    "info": "Encoding array"
}
2026-02-07 15:10:00,630 [INFO] {
    "status": "success",
    "info": "Array encoded successfully"
}
2026-02-07 15:10:00,630 [INFO] {
    "status": "success",
    "info": "C:\\Users\\shanj\\OneDrive\\Desktop\\SARA\\cache\\14a80972713db7d58e318adf9251e5c3.html",
    "url": "Page fetched successfully."
}
2026-02-07 15:10:00,630 [INFO] {
    "status": "info",
    "info": "Encoding array"
}
2026-02-07 15:10:00,630 [INFO] {
    "status": "success",
    "info": "Array encoded successfully"
}
2026-02-07 15:10:00,630 [INFO] {
    "status": "success",
    "info": "Successfully fetched page content for URL: https://styleunion.in/collections/womens-socks/products/women-cotton-solid-socks-lso0021-lso0021lavenderpink?variant=46219032232185"
}
2026-02-07 15:10:00,630 [INFO] {
    "status": "info",
    "info": "Fetching page content for URL: https://styleunion.in/collections/womens-socks/products/womens-cotton-ankle-length-socks-lso0013?variant=46254739194105"
}
2026-02-07 15:10:02,128 [INFO] {
    "status": "info",
    "info": "Encoding array"
}
2026-02-07 15:10:02,128 [INFO] {
    "status": "success",
    "info": "Array encoded successfully"
}
2026-02-07 15:10:02,128 [INFO] {
    "status": "success",
    "info": "C:\\Users\\shanj\\OneDrive\\Desktop\\SARA\\cache\\6d86bfae651b6779f206d32ca59ba6d3.html",
    "url": "Page fetched successfully."
}
2026-02-07 15:10:02,128 [INFO] {
    "status": "info",
    "info": "Encoding array"
}
2026-02-07 15:10:02,128 [INFO] {
    "status": "success",
    "info": "Array encoded successfully"
}
2026-02-07 15:10:02,128 [INFO] {
    "status": "success",
    "info": "Successfully fetched page content for URL: https://styleunion.in/collections/womens-socks/products/womens-cotton-ankle-length-socks-lso0013?variant=46254739194105"
}
2026-02-07 15:10:02,128 [INFO] {
    "status": "info",
    "info": "Fetching page content for URL: https://styleunion.in/collections/womens-socks/products/womens-cotton-polyester-printed-socks-lso0020?variant=44988530327801"
}
2026-02-07 15:10:03,395 [INFO] {
    "status": "info",
    "info": "Encoding array"
}
2026-02-07 15:10:03,395 [INFO] {
    "status": "success",
    "info": "Array encoded successfully"
}
2026-02-07 15:10:03,399 [INFO] {
    "status": "success",
    "info": "C:\\Users\\shanj\\OneDrive\\Desktop\\SARA\\cache\\e1701a7c552caedcdb70b3a98b30b554.html",
    "url": "Page fetched successfully."
}
2026-02-07 15:10:03,399 [INFO] {
    "status": "info",
    "info": "Encoding array"
}
2026-02-07 15:10:03,399 [INFO] {
    "status": "success",
    "info": "Array encoded successfully"
}
2026-02-07 15:10:03,405 [INFO] {
    "status": "success",
    "info": "Successfully fetched page content for URL: https://styleunion.in/collections/womens-socks/products/womens-cotton-polyester-printed-socks-lso0020?variant=44988530327801"
}
2026-02-07 15:10:03,405 [INFO] {
    "status": "info",
    "info": "Fetching page content for URL: https://styleunion.in/collections/womens-socks/products/womens-cotton-polyester-ankle-length-socks-lso0013?variant=46254739161337"
}
2026-02-07 15:10:04,763 [INFO] {
    "status": "info",
    "info": "Encoding array"
}
2026-02-07 15:10:04,763 [INFO] {
    "status": "success",
    "info": "Array encoded successfully"
}
2026-02-07 15:10:04,769 [INFO] {
    "status": "success",
    "info": "C:\\Users\\shanj\\OneDrive\\Desktop\\SARA\\cache\\5f2b3bd9b407c54c5b59ead9dd1c60af.html",
    "url": "Page fetched successfully."
}
2026-02-07 15:10:04,769 [INFO] {
    "status": "info",
    "info": "Encoding array"
}
2026-02-07 15:10:04,769 [INFO] {
    "status": "success",
    "info": "Array encoded successfully"
}
2026-02-07 15:10:04,777 [INFO] {
    "status": "success",
    "info": "Successfully fetched page content for URL: https://styleunion.in/collections/womens-socks/products/womens-cotton-polyester-ankle-length-socks-lso0013?variant=46254739161337"
}
2026-02-07 15:10:04,777 [INFO] {
    "status": "info",
    "info": "Fetching page content for URL: https://styleunion.in/collections/womens-socks/products/womens-solid-low-cut-socks-lso0021brownmelnavymel?variant=46299060076793"
}
2026-02-07 15:10:06,427 [INFO] {
    "status": "info",
    "info": "Encoding array"
}
2026-02-07 15:10:06,427 [INFO] {
    "status": "success",
    "info": "Array encoded successfully"
}
2026-02-07 15:10:06,436 [INFO] {
    "status": "success",
    "info": "C:\\Users\\shanj\\OneDrive\\Desktop\\SARA\\cache\\a7d759378a137c0a5bcce9355b402741.html",
    "url": "Page fetched successfully."
}
2026-02-07 15:10:06,438 [INFO] {
    "status": "info",
    "info": "Encoding array"
}
2026-02-07 15:10:06,438 [INFO] {
    "status": "success",
    "info": "Array encoded successfully"
}
2026-02-07 15:10:06,442 [INFO] {
    "status": "success",
    "info": "Successfully fetched page content for URL: https://styleunion.in/collections/womens-socks/products/womens-solid-low-cut-socks-lso0021brownmelnavymel?variant=46299060076793"
}
2026-02-07 15:10:06,443 [INFO] {
    "status": "info",
    "info": "Fetching page content for URL: https://styleunion.in/collections/womens-socks/products/womens-cotton-solid-socks-lso0014-2?variant=44994436628729"
}
2026-02-07 15:10:07,420 [INFO] {
    "status": "info",
    "info": "Encoding array"
}
2026-02-07 15:10:07,420 [INFO] {
    "status": "success",
    "info": "Array encoded successfully"
}
2026-02-07 15:10:07,420 [INFO] {
    "status": "success",
    "info": "C:\\Users\\shanj\\OneDrive\\Desktop\\SARA\\cache\\00c44aff3ada037747be53f1b10ba9a8.html",
    "url": "Page fetched successfully."
}
2026-02-07 15:10:07,420 [INFO] {
    "status": "info",
    "info": "Encoding array"
}
2026-02-07 15:10:07,420 [INFO] {
    "status": "success",
    "info": "Array encoded successfully"
}
2026-02-07 15:10:07,420 [INFO] {
    "status": "success",
    "info": "Successfully fetched page content for URL: https://styleunion.in/collections/womens-socks/products/womens-cotton-solid-socks-lso0014-2?variant=44994436628729"
}
2026-02-07 15:10:07,420 [INFO] {
    "status": "info",
    "info": "Fetching page content for URL: https://styleunion.in/collections/womens-socks/products/womens-cotton-solid-socks-lso0014-3?variant=44994436661497"
}
2026-02-07 15:10:08,453 [INFO] {
    "status": "info",
    "info": "Encoding array"
}
2026-02-07 15:10:08,453 [INFO] {
    "status": "success",
    "info": "Array encoded successfully"
}
2026-02-07 15:10:08,455 [INFO] {
    "status": "success",
    "info": "C:\\Users\\shanj\\OneDrive\\Desktop\\SARA\\cache\\44b7c59fd56b94324950f6edc074812e.html",
    "url": "Page fetched successfully."
}
2026-02-07 15:10:08,457 [INFO] {
    "status": "info",
    "info": "Encoding array"
}
2026-02-07 15:10:08,457 [INFO] {
    "status": "success",
    "info": "Array encoded successfully"
}
2026-02-07 15:10:08,460 [INFO] {
    "status": "success",
    "info": "Successfully fetched page content for URL: https://styleunion.in/collections/womens-socks/products/womens-cotton-solid-socks-lso0014-3?variant=44994436661497"
}
2026-02-07 15:10:08,460 [INFO] {
    "status": "info",
    "info": "Fetching page content for URL: https://styleunion.in/collections/womens-socks/products/womens-cotton-solid-socks-lso0014-1?variant=44994436595961"
}
2026-02-07 15:10:10,145 [INFO] {
    "status": "info",
    "info": "Encoding array"
}
2026-02-07 15:10:10,145 [INFO] {
    "status": "success",
    "info": "Array encoded successfully"
}
2026-02-07 15:10:10,145 [INFO] {
    "status": "success",
    "info": "C:\\Users\\shanj\\OneDrive\\Desktop\\SARA\\cache\\14ed7a41326e36ff7bae94572018a1f4.html",
    "url": "Page fetched successfully."
}
2026-02-07 15:10:10,145 [INFO] {
    "status": "info",
    "info": "Encoding array"
}
2026-02-07 15:10:10,145 [INFO] {
    "status": "success",
    "info": "Array encoded successfully"
}
2026-02-07 15:10:10,153 [INFO] {
    "status": "success",
    "info": "Successfully fetched page content for URL: https://styleunion.in/collections/womens-socks/products/womens-cotton-solid-socks-lso0014-1?variant=44994436595961"
}
2026-02-07 15:10:10,153 [INFO] {
    "status": "info",
    "info": "Fetching page content for URL: https://styleunion.in/collections/womens-socks/products/womens-cotton-solid-socks-lso0015?variant=44988133867769"
}
2026-02-07 15:10:11,445 [INFO] {
    "status": "info",
    "info": "Encoding array"
}
2026-02-07 15:10:11,445 [INFO] {
    "status": "success",
    "info": "Array encoded successfully"
}
2026-02-07 15:10:11,445 [INFO] {
    "status": "success",
    "info": "C:\\Users\\shanj\\OneDrive\\Desktop\\SARA\\cache\\0a5103256219fe1c57f9642d42c0d735.html",
    "url": "Page fetched successfully."
}
2026-02-07 15:10:11,445 [INFO] {
    "status": "info",
    "info": "Encoding array"
}
2026-02-07 15:10:11,445 [INFO] {
    "status": "success",
    "info": "Array encoded successfully"
}
2026-02-07 15:10:11,445 [INFO] {
    "status": "success",
    "info": "Successfully fetched page content for URL: https://styleunion.in/collections/womens-socks/products/womens-cotton-solid-socks-lso0015?variant=44988133867769"
}
2026-02-07 15:10:11,445 [INFO] {
    "status": "info",
    "info": "Fetching page content for URL: https://styleunion.in/collections/womens-socks/products/assorted-free-size-ankle-socks-suwfaknt03?variant=46254746632441"
}
2026-02-07 15:10:12,611 [INFO] {
    "status": "info",
    "info": "Encoding array"
}
2026-02-07 15:10:12,611 [INFO] {
    "status": "success",
    "info": "Array encoded successfully"
}
2026-02-07 15:10:12,611 [INFO] {
    "status": "success",
    "info": "C:\\Users\\shanj\\OneDrive\\Desktop\\SARA\\cache\\c76553190b7cc1b97b5ba6d9a91e0a40.html",
    "url": "Page fetched successfully."
}
2026-02-07 15:10:12,611 [INFO] {
    "status": "info",
    "info": "Encoding array"
}
2026-02-07 15:10:12,611 [INFO] {
    "status": "success",
    "info": "Array encoded successfully"
}
2026-02-07 15:10:12,611 [INFO] {
    "status": "success",
    "info": "Successfully fetched page content for URL: https://styleunion.in/collections/womens-socks/products/assorted-free-size-ankle-socks-suwfaknt03?variant=46254746632441"
}
2026-02-07 15:10:12,611 [INFO] {
    "status": "info",
    "info": "Fetching page content for URL: https://styleunion.in/collections/womens-socks/products/cotton-blend-ankle-length-socks-s108?variant=46254745387257"
}
2026-02-07 15:10:13,846 [INFO] {
    "status": "info",
    "info": "Encoding array"
}
2026-02-07 15:10:13,846 [INFO] {
    "status": "success",
    "info": "Array encoded successfully"
}
2026-02-07 15:10:13,846 [INFO] {
    "status": "success",
    "info": "C:\\Users\\shanj\\OneDrive\\Desktop\\SARA\\cache\\fec29d5ccda944849748582c37bd3d10.html",
    "url": "Page fetched successfully."
}
2026-02-07 15:10:13,846 [INFO] {
    "status": "info",
    "info": "Encoding array"
}
2026-02-07 15:10:13,851 [INFO] {
    "status": "success",
    "info": "Array encoded successfully"
}
2026-02-07 15:10:13,853 [INFO] {
    "status": "success",
    "info": "Successfully fetched page content for URL: https://styleunion.in/collections/womens-socks/products/cotton-blend-ankle-length-socks-s108?variant=46254745387257"
}
2026-02-07 15:10:13,853 [INFO] {
    "status": "info",
    "info": "Fetching page content for URL: https://styleunion.in/collections/womens-socks/products/cotton-blend-ankle-length-socks-s110?variant=46254745354489"
}
2026-02-07 15:10:14,950 [INFO] {
    "status": "info",
    "info": "Encoding array"
}
2026-02-07 15:10:14,950 [INFO] {
    "status": "success",
    "info": "Array encoded successfully"
}
2026-02-07 15:10:14,950 [INFO] {
    "status": "success",
    "info": "C:\\Users\\shanj\\OneDrive\\Desktop\\SARA\\cache\\c198d0c73e4b6bb3ef6a80616bed6dcb.html",
    "url": "Page fetched successfully."
}
2026-02-07 15:10:14,950 [INFO] {
    "status": "info",
    "info": "Encoding array"
}
2026-02-07 15:10:14,950 [INFO] {
    "status": "success",
    "info": "Array encoded successfully"
}
2026-02-07 15:10:14,958 [INFO] {
    "status": "success",
    "info": "Successfully fetched page content for URL: https://styleunion.in/collections/womens-socks/products/cotton-blend-ankle-length-socks-s110?variant=46254745354489"
}
2026-02-07 15:10:14,958 [INFO] {
    "status": "info",
    "info": "Fetching page content for URL: https://styleunion.in/collections/womens-socks/products/cotton-ankle-length-socks-lso0001?variant=46254740865273"
}
2026-02-07 15:10:15,999 [INFO] {
    "status": "info",
    "info": "Encoding array"
}
2026-02-07 15:10:15,999 [INFO] {
    "status": "success",
    "info": "Array encoded successfully"
}
2026-02-07 15:10:15,999 [INFO] {
    "status": "success",
    "info": "C:\\Users\\shanj\\OneDrive\\Desktop\\SARA\\cache\\ab8c58c805e75d9abb2c6b93bd0c0d1c.html",
    "url": "Page fetched successfully."
}
2026-02-07 15:10:15,999 [INFO] {
    "status": "info",
    "info": "Encoding array"
}
2026-02-07 15:10:15,999 [INFO] {
    "status": "success",
    "info": "Array encoded successfully"
}
2026-02-07 15:10:15,999 [INFO] {
    "status": "success",
    "info": "Successfully fetched page content for URL: https://styleunion.in/collections/womens-socks/products/cotton-ankle-length-socks-lso0001?variant=46254740865273"
}
2026-02-07 15:10:15,999 [INFO] {
    "status": "info",
    "info": "Fetching page content for URL: https://styleunion.in/collections/womens-socks/products/womens-cotton-ankle-length-socks-lso0010?variant=46254739390713"
}
2026-02-07 15:10:17,153 [INFO] {
    "status": "info",
    "info": "Encoding array"
}
2026-02-07 15:10:17,153 [INFO] {
    "status": "success",
    "info": "Array encoded successfully"
}
2026-02-07 15:10:17,155 [INFO] {
    "status": "success",
    "info": "C:\\Users\\shanj\\OneDrive\\Desktop\\SARA\\cache\\314d5a01799f09f08e8e13b3e42ca5d3.html",
    "url": "Page fetched successfully."
}
2026-02-07 15:10:17,157 [INFO] {
    "status": "info",
    "info": "Encoding array"
}
2026-02-07 15:10:17,157 [INFO] {
    "status": "success",
    "info": "Array encoded successfully"
}
2026-02-07 15:10:17,161 [INFO] {
    "status": "success",
    "info": "Successfully fetched page content for URL: https://styleunion.in/collections/womens-socks/products/womens-cotton-ankle-length-socks-lso0010?variant=46254739390713"
}
2026-02-07 15:10:17,161 [INFO] {
    "status": "info",
    "info": "Fetching page content for URL: https://styleunion.in/collections/womens-socks/products/cotton-blend-ankle-length-socks-s110-2?variant=46254738014457"
}
2026-02-07 15:10:18,089 [INFO] {
    "status": "info",
    "info": "Encoding array"
}
2026-02-07 15:10:18,089 [INFO] {
    "status": "success",
    "info": "Array encoded successfully"
}
2026-02-07 15:10:18,092 [INFO] {
    "status": "success",
    "info": "C:\\Users\\shanj\\OneDrive\\Desktop\\SARA\\cache\\0d264e58332da2094139b151115efd95.html",
    "url": "Page fetched successfully."
}
2026-02-07 15:10:18,095 [INFO] {
    "status": "info",
    "info": "Encoding array"
}
2026-02-07 15:10:18,095 [INFO] {
    "status": "success",
    "info": "Array encoded successfully"
}
2026-02-07 15:10:18,099 [INFO] {
    "status": "success",
    "info": "Successfully fetched page content for URL: https://styleunion.in/collections/womens-socks/products/cotton-blend-ankle-length-socks-s110-2?variant=46254738014457"
}
2026-02-07 15:10:18,099 [INFO] {
    "status": "info",
    "info": "Fetching page content for URL: https://styleunion.in/collections/womens-socks/products/womens-cotton-striped-socks-pack-of-2-lso0005?variant=45012215398649"
}
2026-02-07 15:10:19,095 [INFO] {
    "status": "info",
    "info": "Encoding array"
}
2026-02-07 15:10:19,095 [INFO] {
    "status": "success",
    "info": "Array encoded successfully"
}
2026-02-07 15:10:19,098 [INFO] {
    "status": "success",
    "info": "C:\\Users\\shanj\\OneDrive\\Desktop\\SARA\\cache\\e6a85f3f7d99f79d7c1f8fef2738c2fc.html",
    "url": "Page fetched successfully."
}
2026-02-07 15:10:19,099 [INFO] {
    "status": "info",
    "info": "Encoding array"
}
2026-02-07 15:10:19,099 [INFO] {
    "status": "success",
    "info": "Array encoded successfully"
}
2026-02-07 15:10:19,104 [INFO] {
    "status": "success",
    "info": "Successfully fetched page content for URL: https://styleunion.in/collections/womens-socks/products/womens-cotton-striped-socks-pack-of-2-lso0005?variant=45012215398649"
}
2026-02-07 15:10:19,104 [INFO] {
    "status": "info",
    "info": "Fetching page content for URL: https://styleunion.in/collections/womens-socks/products/womens-cotton-striped-socks-pack-of-2-lso0009?variant=45012215300345"
}
2026-02-07 15:10:20,085 [INFO] {
    "status": "info",
    "info": "Encoding array"
}
2026-02-07 15:10:20,085 [INFO] {
    "status": "success",
    "info": "Array encoded successfully"
}
2026-02-07 15:10:20,085 [INFO] {
    "status": "success",
    "info": "C:\\Users\\shanj\\OneDrive\\Desktop\\SARA\\cache\\a380199edb7a74974e004117b83410c9.html",
    "url": "Page fetched successfully."
}
2026-02-07 15:10:20,085 [INFO] {
    "status": "info",
    "info": "Encoding array"
}
2026-02-07 15:10:20,085 [INFO] {
    "status": "success",
    "info": "Array encoded successfully"
}
2026-02-07 15:10:20,085 [INFO] {
    "status": "success",
    "info": "Successfully fetched page content for URL: https://styleunion.in/collections/womens-socks/products/womens-cotton-striped-socks-pack-of-2-lso0009?variant=45012215300345"
}
2026-02-07 15:10:20,085 [INFO] {
    "status": "info",
    "info": "Fetching page content for URL: https://styleunion.in/collections/womens-socks/products/womens-cotton-polyester-printed-socks-lso0019?variant=44988530295033"
}
2026-02-07 15:10:21,444 [INFO] {
    "status": "info",
    "info": "Encoding array"
}
2026-02-07 15:10:21,444 [INFO] {
    "status": "success",
    "info": "Array encoded successfully"
}
2026-02-07 15:10:21,444 [INFO] {
    "status": "success",
    "info": "C:\\Users\\shanj\\OneDrive\\Desktop\\SARA\\cache\\8dad46ee6b8c4e8431f70f24dfb066b0.html",
    "url": "Page fetched successfully."
}
2026-02-07 15:10:21,453 [INFO] {
    "status": "info",
    "info": "Encoding array"
}
2026-02-07 15:10:21,453 [INFO] {
    "status": "success",
    "info": "Array encoded successfully"
}
2026-02-07 15:10:21,453 [INFO] {
    "status": "success",
    "info": "Successfully fetched page content for URL: https://styleunion.in/collections/womens-socks/products/womens-cotton-polyester-printed-socks-lso0019?variant=44988530295033"
}
2026-02-07 15:10:21,453 [INFO] {
    "status": "info",
    "info": "Fetching page content for URL: https://styleunion.in/collections/womens-socks/products/regular-fit-jacquard-t-shirt-pfct00003?variant=46284011372793"
}
2026-02-07 15:10:21,985 [INFO] {
    "status": "info",
    "info": "Encoding array"
}
2026-02-07 15:10:21,985 [INFO] {
    "status": "success",
    "info": "Array encoded successfully"
}
2026-02-07 15:10:21,985 [INFO] {
    "status": "success",
    "info": "C:\\Users\\shanj\\OneDrive\\Desktop\\SARA\\cache\\e9c6785e574f72effe1cf342a4229c7f.html",
    "url": "Page fetched successfully."
}
2026-02-07 15:10:21,993 [INFO] {
    "status": "info",
    "info": "Encoding array"
}
2026-02-07 15:10:21,993 [INFO] {
    "status": "success",
    "info": "Array encoded successfully"
}
2026-02-07 15:10:21,995 [INFO] {
    "status": "success",
    "info": "Successfully fetched page content for URL: https://styleunion.in/collections/womens-socks/products/regular-fit-jacquard-t-shirt-pfct00003?variant=46284011372793"
}
2026-02-07 15:13:26,166 [INFO] {
    "status": "info",
    "info": "Initializing UrlParser for project: internal_feasibility and site: styleunion_com"
}
2026-02-07 15:13:26,166 [INFO] {
    "status": "info",
    "info": "Starting script execution of url_parser for project: internal_feasibility and site: styleunion_com"
}
2026-02-07 15:13:26,166 [INFO] {
    "status": "info",
    "info": "Loading configuration file: C:\\Users\\shanj\\OneDrive\\Desktop\\SARA\\url_data_parser\\internal_feasibility\\styleunion_com_internal_feasibility.yml"
}
2026-02-07 15:13:26,878 [INFO] {
    "status": "info",
    "info": "Extracting records for project: internal_feasibility and site: styleunion_com"
}
2026-02-07 15:13:26,878 [INFO] {
    "status": "info",
    "info": "Encoding array"
}
2026-02-07 15:13:26,878 [INFO] {
    "status": "success",
    "info": "Array encoded successfully"
}
2026-02-07 15:13:26,878 [INFO] {
    "status": "success",
    "info": "Records extracted successfully for project: internal_feasibility and site: styleunion_com"
}
2026-02-07 15:13:27,577 [INFO] {
    "status": "info",
    "info": "Extracting records for project: internal_feasibility and site: styleunion_com"
}
2026-02-07 15:13:27,577 [INFO] {
    "status": "info",
    "info": "Encoding array"
}
2026-02-07 15:13:27,577 [INFO] {
    "status": "success",
    "info": "Array encoded successfully"
}
2026-02-07 15:13:27,582 [INFO] {
    "status": "success",
    "info": "Records extracted successfully for project: internal_feasibility and site: styleunion_com"
}
2026-02-07 15:13:28,243 [INFO] {
    "status": "info",
    "info": "Extracting records for project: internal_feasibility and site: styleunion_com"
}
2026-02-07 15:13:28,243 [INFO] {
    "status": "info",
    "info": "Encoding array"
}
2026-02-07 15:13:28,243 [INFO] {
    "status": "success",
    "info": "Array encoded successfully"
}
2026-02-07 15:13:28,249 [INFO] {
    "status": "success",
    "info": "Records extracted successfully for project: internal_feasibility and site: styleunion_com"
}
2026-02-07 15:13:28,999 [INFO] {
    "status": "info",
    "info": "Extracting records for project: internal_feasibility and site: styleunion_com"
}
2026-02-07 15:13:29,001 [INFO] {
    "status": "info",
    "info": "Encoding array"
}
2026-02-07 15:13:29,001 [INFO] {
    "status": "success",
    "info": "Array encoded successfully"
}
2026-02-07 15:13:29,005 [INFO] {
    "status": "success",
    "info": "Records extracted successfully for project: internal_feasibility and site: styleunion_com"
}
2026-02-07 15:13:29,786 [INFO] {
    "status": "info",
    "info": "Extracting records for project: internal_feasibility and site: styleunion_com"
}
2026-02-07 15:13:29,786 [INFO] {
    "status": "info",
    "info": "Encoding array"
}
2026-02-07 15:13:29,786 [INFO] {
    "status": "success",
    "info": "Array encoded successfully"
}
2026-02-07 15:13:29,786 [INFO] {
    "status": "success",
    "info": "Records extracted successfully for project: internal_feasibility and site: styleunion_com"
}
2026-02-07 15:13:30,534 [INFO] {
    "status": "info",
    "info": "Extracting records for project: internal_feasibility and site: styleunion_com"
}
2026-02-07 15:13:30,534 [INFO] {
    "status": "info",
    "info": "Encoding array"
}
2026-02-07 15:13:30,534 [INFO] {
    "status": "success",
    "info": "Array encoded successfully"
}
2026-02-07 15:13:30,540 [INFO] {
    "status": "success",
    "info": "Records extracted successfully for project: internal_feasibility and site: styleunion_com"
}
2026-02-07 15:13:31,330 [INFO] {
    "status": "info",
    "info": "Extracting records for project: internal_feasibility and site: styleunion_com"
}
2026-02-07 15:13:31,330 [INFO] {
    "status": "info",
    "info": "Encoding array"
}
2026-02-07 15:13:31,330 [INFO] {
    "status": "success",
    "info": "Array encoded successfully"
}
2026-02-07 15:13:31,338 [INFO] {
    "status": "success",
    "info": "Records extracted successfully for project: internal_feasibility and site: styleunion_com"
}
2026-02-07 15:13:32,378 [INFO] {
    "status": "info",
    "info": "Extracting records for project: internal_feasibility and site: styleunion_com"
}
2026-02-07 15:13:32,378 [INFO] {
    "status": "info",
    "info": "Encoding array"
}
2026-02-07 15:13:32,378 [INFO] {
    "status": "success",
    "info": "Array encoded successfully"
}
2026-02-07 15:13:32,378 [INFO] {
    "status": "success",
    "info": "Records extracted successfully for project: internal_feasibility and site: styleunion_com"
}
2026-02-07 15:13:33,447 [INFO] {
    "status": "info",
    "info": "Extracting records for project: internal_feasibility and site: styleunion_com"
}
2026-02-07 15:13:33,447 [INFO] {
    "status": "info",
    "info": "Encoding array"
}
2026-02-07 15:13:33,447 [INFO] {
    "status": "success",
    "info": "Array encoded successfully"
}
2026-02-07 15:13:33,454 [INFO] {
    "status": "success",
    "info": "Records extracted successfully for project: internal_feasibility and site: styleunion_com"
}
2026-02-07 15:13:34,469 [INFO] {
    "status": "info",
    "info": "Extracting records for project: internal_feasibility and site: styleunion_com"
}
2026-02-07 15:13:34,485 [INFO] {
    "status": "info",
    "info": "Encoding array"
}
2026-02-07 15:13:34,485 [INFO] {
    "status": "success",
    "info": "Array encoded successfully"
}
2026-02-07 15:13:34,490 [INFO] {
    "status": "success",
    "info": "Records extracted successfully for project: internal_feasibility and site: styleunion_com"
}
2026-02-07 15:13:35,261 [INFO] {
    "status": "info",
    "info": "Extracting records for project: internal_feasibility and site: styleunion_com"
}
2026-02-07 15:13:35,261 [INFO] {
    "status": "info",
    "info": "Encoding array"
}
2026-02-07 15:13:35,261 [INFO] {
    "status": "success",
    "info": "Array encoded successfully"
}
2026-02-07 15:13:35,266 [INFO] {
    "status": "success",
    "info": "Records extracted successfully for project: internal_feasibility and site: styleunion_com"
}
2026-02-07 15:13:36,009 [INFO] {
    "status": "info",
    "info": "Extracting records for project: internal_feasibility and site: styleunion_com"
}
2026-02-07 15:13:36,009 [INFO] {
    "status": "info",
    "info": "Encoding array"
}
2026-02-07 15:13:36,009 [INFO] {
    "status": "success",
    "info": "Array encoded successfully"
}
2026-02-07 15:13:36,009 [INFO] {
    "status": "success",
    "info": "Records extracted successfully for project: internal_feasibility and site: styleunion_com"
}
2026-02-07 15:13:36,824 [INFO] {
    "status": "info",
    "info": "Extracting records for project: internal_feasibility and site: styleunion_com"
}
2026-02-07 15:13:36,825 [INFO] {
    "status": "info",
    "info": "Encoding array"
}
2026-02-07 15:13:36,825 [INFO] {
    "status": "success",
    "info": "Array encoded successfully"
}
2026-02-07 15:13:36,828 [INFO] {
    "status": "success",
    "info": "Records extracted successfully for project: internal_feasibility and site: styleunion_com"
}
2026-02-07 15:13:37,587 [INFO] {
    "status": "info",
    "info": "Extracting records for project: internal_feasibility and site: styleunion_com"
}
2026-02-07 15:13:37,587 [INFO] {
    "status": "info",
    "info": "Encoding array"
}
2026-02-07 15:13:37,587 [INFO] {
    "status": "success",
    "info": "Array encoded successfully"
}
2026-02-07 15:13:37,587 [INFO] {
    "status": "success",
    "info": "Records extracted successfully for project: internal_feasibility and site: styleunion_com"
}
2026-02-07 15:13:38,410 [INFO] {
    "status": "info",
    "info": "Extracting records for project: internal_feasibility and site: styleunion_com"
}
2026-02-07 15:13:38,410 [INFO] {
    "status": "info",
    "info": "Encoding array"
}
2026-02-07 15:13:38,410 [INFO] {
    "status": "success",
    "info": "Array encoded successfully"
}
2026-02-07 15:13:38,410 [INFO] {
    "status": "success",
    "info": "Records extracted successfully for project: internal_feasibility and site: styleunion_com"
}
2026-02-07 15:13:39,273 [INFO] {
    "status": "info",
    "info": "Extracting records for project: internal_feasibility and site: styleunion_com"
}
2026-02-07 15:13:39,273 [INFO] {
    "status": "info",
    "info": "Encoding array"
}
2026-02-07 15:13:39,273 [INFO] {
    "status": "success",
    "info": "Array encoded successfully"
}
2026-02-07 15:13:39,283 [INFO] {
    "status": "success",
    "info": "Records extracted successfully for project: internal_feasibility and site: styleunion_com"
}
2026-02-07 15:13:40,162 [INFO] {
    "status": "info",
    "info": "Extracting records for project: internal_feasibility and site: styleunion_com"
}
2026-02-07 15:13:40,162 [INFO] {
    "status": "info",
    "info": "Encoding array"
}
2026-02-07 15:13:40,162 [INFO] {
    "status": "success",
    "info": "Array encoded successfully"
}
2026-02-07 15:13:40,170 [INFO] {
    "status": "success",
    "info": "Records extracted successfully for project: internal_feasibility and site: styleunion_com"
}
2026-02-07 15:13:41,012 [INFO] {
    "status": "info",
    "info": "Extracting records for project: internal_feasibility and site: styleunion_com"
}
2026-02-07 15:13:41,012 [INFO] {
    "status": "info",
    "info": "Encoding array"
}
2026-02-07 15:13:41,012 [INFO] {
    "status": "success",
    "info": "Array encoded successfully"
}
2026-02-07 15:13:41,028 [INFO] {
    "status": "success",
    "info": "Records extracted successfully for project: internal_feasibility and site: styleunion_com"
}
2026-02-07 15:13:41,853 [INFO] {
    "status": "info",
    "info": "Extracting records for project: internal_feasibility and site: styleunion_com"
}
2026-02-07 15:13:41,869 [INFO] {
    "status": "info",
    "info": "Encoding array"
}
2026-02-07 15:13:41,869 [INFO] {
    "status": "success",
    "info": "Array encoded successfully"
}
2026-02-07 15:13:41,873 [INFO] {
    "status": "success",
    "info": "Records extracted successfully for project: internal_feasibility and site: styleunion_com"
}
2026-02-07 15:13:42,996 [INFO] {
    "status": "info",
    "info": "Extracting records for project: internal_feasibility and site: styleunion_com"
}
2026-02-07 15:13:42,997 [INFO] {
    "status": "info",
    "info": "Encoding array"
}
2026-02-07 15:13:42,997 [INFO] {
    "status": "success",
    "info": "Array encoded successfully"
}
2026-02-07 15:13:43,001 [INFO] {
    "status": "success",
    "info": "Records extracted successfully for project: internal_feasibility and site: styleunion_com"
}
2026-02-07 15:13:43,841 [INFO] {
    "status": "info",
    "info": "Extracting records for project: internal_feasibility and site: styleunion_com"
}
2026-02-07 15:13:43,841 [INFO] {
    "status": "info",
    "info": "Encoding array"
}
2026-02-07 15:13:43,841 [INFO] {
    "status": "success",
    "info": "Array encoded successfully"
}
2026-02-07 15:13:43,856 [INFO] {
    "status": "success",
    "info": "Records extracted successfully for project: internal_feasibility and site: styleunion_com"
}
2026-02-07 15:13:44,581 [INFO] {
    "status": "info",
    "info": "Extracting records for project: internal_feasibility and site: styleunion_com"
}
2026-02-07 15:13:44,582 [INFO] {
    "status": "info",
    "info": "Encoding array"
}
2026-02-07 15:13:44,582 [INFO] {
    "status": "success",
    "info": "Array encoded successfully"
}
2026-02-07 15:13:44,586 [INFO] {
    "status": "success",
    "info": "Records extracted successfully for project: internal_feasibility and site: styleunion_com"
}
2026-02-07 15:13:45,303 [INFO] {
    "status": "info",
    "info": "Extracting records for project: internal_feasibility and site: styleunion_com"
}
2026-02-07 15:13:45,304 [INFO] {
    "status": "info",
    "info": "Encoding array"
}
2026-02-07 15:13:45,304 [INFO] {
    "status": "success",
    "info": "Array encoded successfully"
}
2026-02-07 15:13:45,308 [INFO] {
    "status": "success",
    "info": "Records extracted successfully for project: internal_feasibility and site: styleunion_com"
}
2026-02-07 15:13:46,025 [INFO] {
    "status": "info",
    "info": "Extracting records for project: internal_feasibility and site: styleunion_com"
}
2026-02-07 15:13:46,025 [INFO] {
    "status": "info",
    "info": "Encoding array"
}
2026-02-07 15:13:46,025 [INFO] {
    "status": "success",
    "info": "Array encoded successfully"
}
2026-02-07 15:13:46,041 [INFO] {
    "status": "success",
    "info": "Records extracted successfully for project: internal_feasibility and site: styleunion_com"
}
2026-02-07 15:13:46,862 [INFO] {
    "status": "info",
    "info": "Extracting records for project: internal_feasibility and site: styleunion_com"
}
2026-02-07 15:13:46,862 [INFO] {
    "status": "info",
    "info": "Encoding array"
}
2026-02-07 15:13:46,862 [INFO] {
    "status": "success",
    "info": "Array encoded successfully"
}
2026-02-07 15:13:46,862 [INFO] {
    "status": "success",
    "info": "Records extracted successfully for project: internal_feasibility and site: styleunion_com"
}
2026-02-07 15:13:47,601 [INFO] {
    "status": "info",
    "info": "Extracting records for project: internal_feasibility and site: styleunion_com"
}
2026-02-07 15:13:47,601 [INFO] {
    "status": "info",
    "info": "Encoding array"
}
2026-02-07 15:13:47,601 [INFO] {
    "status": "success",
    "info": "Array encoded successfully"
}
2026-02-07 15:13:47,606 [INFO] {
    "status": "success",
    "info": "Records extracted successfully for project: internal_feasibility and site: styleunion_com"
}
2026-02-07 15:13:48,480 [INFO] {
    "status": "info",
    "info": "Extracting records for project: internal_feasibility and site: styleunion_com"
}
2026-02-07 15:13:48,480 [INFO] {
    "status": "info",
    "info": "Encoding array"
}
2026-02-07 15:13:48,480 [INFO] {
    "status": "success",
    "info": "Array encoded successfully"
}
2026-02-07 15:13:48,480 [INFO] {
    "status": "success",
    "info": "Records extracted successfully for project: internal_feasibility and site: styleunion_com"
}
2026-02-07 15:13:49,406 [INFO] {
    "status": "info",
    "info": "Extracting records for project: internal_feasibility and site: styleunion_com"
}
2026-02-07 15:13:49,406 [INFO] {
    "status": "info",
    "info": "Encoding array"
}
2026-02-07 15:13:49,406 [INFO] {
    "status": "success",
    "info": "Array encoded successfully"
}
2026-02-07 15:13:49,406 [INFO] {
    "status": "success",
    "info": "Records extracted successfully for project: internal_feasibility and site: styleunion_com"
}
2026-02-07 15:13:50,188 [INFO] {
    "status": "info",
    "info": "Extracting records for project: internal_feasibility and site: styleunion_com"
}
2026-02-07 15:13:50,188 [INFO] {
    "status": "info",
    "info": "Encoding array"
}
2026-02-07 15:13:50,188 [INFO] {
    "status": "success",
    "info": "Array encoded successfully"
}
2026-02-07 15:13:50,192 [INFO] {
    "status": "success",
    "info": "Records extracted successfully for project: internal_feasibility and site: styleunion_com"
}
2026-02-07 15:13:51,089 [INFO] {
    "status": "info",
    "info": "Extracting records for project: internal_feasibility and site: styleunion_com"
}
2026-02-07 15:13:51,089 [INFO] {
    "status": "info",
    "info": "Encoding array"
}
2026-02-07 15:13:51,089 [INFO] {
    "status": "success",
    "info": "Array encoded successfully"
}
2026-02-07 15:13:51,094 [INFO] {
    "status": "success",
    "info": "Records extracted successfully for project: internal_feasibility and site: styleunion_com"
}
2026-02-07 15:13:51,861 [INFO] {
    "status": "info",
    "info": "Extracting records for project: internal_feasibility and site: styleunion_com"
}
2026-02-07 15:13:51,861 [INFO] {
    "status": "info",
    "info": "Encoding array"
}
2026-02-07 15:13:51,861 [INFO] {
    "status": "success",
    "info": "Array encoded successfully"
}
2026-02-07 15:13:51,867 [INFO] {
    "status": "success",
    "info": "Records extracted successfully for project: internal_feasibility and site: styleunion_com"
}
2026-02-07 15:13:52,572 [INFO] {
    "status": "info",
    "info": "Extracting records for project: internal_feasibility and site: styleunion_com"
}
2026-02-07 15:13:52,572 [INFO] {
    "status": "info",
    "info": "Encoding array"
}
2026-02-07 15:13:52,572 [INFO] {
    "status": "success",
    "info": "Array encoded successfully"
}
2026-02-07 15:13:52,576 [INFO] {
    "status": "success",
    "info": "Records extracted successfully for project: internal_feasibility and site: styleunion_com"
}
2026-02-07 15:13:53,269 [INFO] {
    "status": "info",
    "info": "Extracting records for project: internal_feasibility and site: styleunion_com"
}
2026-02-07 15:13:53,269 [INFO] {
    "status": "info",
    "info": "Encoding array"
}
2026-02-07 15:13:53,269 [INFO] {
    "status": "success",
    "info": "Array encoded successfully"
}
2026-02-07 15:13:53,273 [INFO] {
    "status": "success",
    "info": "Records extracted successfully for project: internal_feasibility and site: styleunion_com"
}
2026-02-07 15:13:53,978 [INFO] {
    "status": "info",
    "info": "Extracting records for project: internal_feasibility and site: styleunion_com"
}
2026-02-07 15:13:53,979 [INFO] {
    "status": "info",
    "info": "Encoding array"
}
2026-02-07 15:13:53,979 [INFO] {
    "status": "success",
    "info": "Array encoded successfully"
}
2026-02-07 15:13:53,983 [INFO] {
    "status": "success",
    "info": "Records extracted successfully for project: internal_feasibility and site: styleunion_com"
}
2026-02-07 15:13:54,727 [INFO] {
    "status": "info",
    "info": "Extracting records for project: internal_feasibility and site: styleunion_com"
}
2026-02-07 15:13:54,727 [INFO] {
    "status": "info",
    "info": "Encoding array"
}
2026-02-07 15:13:54,727 [INFO] {
    "status": "success",
    "info": "Array encoded successfully"
}
2026-02-07 15:13:54,738 [INFO] {
    "status": "success",
    "info": "Records extracted successfully for project: internal_feasibility and site: styleunion_com"
}
2026-02-07 15:13:55,440 [INFO] {
    "status": "info",
    "info": "Extracting records for project: internal_feasibility and site: styleunion_com"
}
2026-02-07 15:13:55,440 [INFO] {
    "status": "info",
    "info": "Encoding array"
}
2026-02-07 15:13:55,441 [INFO] {
    "status": "success",
    "info": "Array encoded successfully"
}
2026-02-07 15:13:55,445 [INFO] {
    "status": "success",
    "info": "Records extracted successfully for project: internal_feasibility and site: styleunion_com"
}
2026-02-07 15:13:56,164 [INFO] {
    "status": "info",
    "info": "Extracting records for project: internal_feasibility and site: styleunion_com"
}
2026-02-07 15:13:56,164 [INFO] {
    "status": "info",
    "info": "Encoding array"
}
2026-02-07 15:13:56,164 [INFO] {
    "status": "success",
    "info": "Array encoded successfully"
}
2026-02-07 15:13:56,167 [INFO] {
    "status": "success",
    "info": "Records extracted successfully for project: internal_feasibility and site: styleunion_com"
}
2026-02-07 15:13:56,885 [INFO] {
    "status": "info",
    "info": "Extracting records for project: internal_feasibility and site: styleunion_com"
}
2026-02-07 15:13:56,885 [INFO] {
    "status": "info",
    "info": "Encoding array"
}
2026-02-07 15:13:56,885 [INFO] {
    "status": "success",
    "info": "Array encoded successfully"
}
2026-02-07 15:13:56,901 [INFO] {
    "status": "success",
    "info": "Records extracted successfully for project: internal_feasibility and site: styleunion_com"
}
2026-02-07 15:13:57,625 [INFO] {
    "status": "info",
    "info": "Extracting records for project: internal_feasibility and site: styleunion_com"
}
2026-02-07 15:13:57,625 [INFO] {
    "status": "info",
    "info": "Encoding array"
}
2026-02-07 15:13:57,626 [INFO] {
    "status": "success",
    "info": "Array encoded successfully"
}
2026-02-07 15:13:57,630 [INFO] {
    "status": "success",
    "info": "Records extracted successfully for project: internal_feasibility and site: styleunion_com"
}
2026-02-07 15:13:58,451 [INFO] {
    "status": "info",
    "info": "Extracting records for project: internal_feasibility and site: styleunion_com"
}
2026-02-07 15:13:58,451 [INFO] {
    "status": "info",
    "info": "Encoding array"
}
2026-02-07 15:13:58,452 [INFO] {
    "status": "success",
    "info": "Array encoded successfully"
}
2026-02-07 15:13:58,456 [INFO] {
    "status": "success",
    "info": "Records extracted successfully for project: internal_feasibility and site: styleunion_com"
}
